METRIC_MEMBER 0  Name: "ru_utime" <id>, Descr.: "<string>" <id>, Type: RUSAGE, Mode: ACCUMULATED_START, Value Type: UINT64, Base: DECIMAL, Exponent: -6, Unit: "s" <id>
METRIC_MEMBER 1  Name: "ru_stime" <id>, Descr.: "<string>" <id>, Type: RUSAGE, Mode: ACCUMULATED_START, Value Type: UINT64, Base: DECIMAL, Exponent: -6, Unit: "s" <id>
METRIC_MEMBER 2  Name: "ru_maxrss" <id>, Descr.: "<string>" <id>, Type: RUSAGE, Mode: ABSOLUTE_NEXT, Value Type: UINT64, Base: BINARY, Exponent: 10, Unit: "Bytes" <id>
METRIC_CLASS 0  Occurrence: SYNCHRONOUS_STRICT, Kind: CPU, 1 Member: "ru_utime" <0>
METRIC_CLASS 1  Occurrence: SYNCHRONOUS, Kind: ABSTRACT, 1 Member: "ru_stime" <1>
METRIC_INSTANCE 2  Class: 1, Recorder: "Master thread" <0>, Scope: LOCATION_GROUP "Process" <0>
METRIC_CLASS 3  Occurrence: SYNCHRONOUS, Kind: ABSTRACT, 1 Member: "ru_maxrss" <2>
METRIC_INSTANCE 4  Class: 3, Recorder: "Master thread" <0>, Scope: LOCATION_GROUP "Process" <0>
