METRIC_MEMBER 0  Name: "PAPI_TOT_INS" <id>, Descr.: "<string>" <id>, Type: PAPI, Mode: ACCUMULATED_START, Value Type: UINT64, Base: DECIMAL, Exponent: 0, Unit: "#" <id>
METRIC_CLASS 0  Occurrence: SYNCHRONOUS_STRICT, Kind: CPU, 1 Member: "PAPI_TOT_INS" <0>
