METRIC                      4294967296  1346159006658412800  Metric: 0, 1 Values: (UINT64; 0)
METRIC                      4294967296  1346159006658415872  Metric: 0, 1 Values: (UINT64; 0)
METRIC                      4294967296  1346159006686542336  Metric: 0, 1 Values: (UINT64; 20000)
METRIC                      4294967296  1346159006687028736  Metric: 0, 1 Values: (UINT64; 20000)
METRIC                      4294967296  1346159006687029760  Metric: 0, 1 Values: (UINT64; 20000)
METRIC                      4294967296  1346159006687030272  Metric: 0, 1 Values: (UINT64; 20000)
METRIC                      4294967296  1346159006687077376  Metric: 0, 1 Values: (UINT64; 20000)
METRIC                      4294967296  1346159006687078144  Metric: 0, 1 Values: (UINT64; 20000)
METRIC                      4294967296  1346159006695218176  Metric: 0, 1 Values: (UINT64; 30000)
METRIC                      4294967296  1346159006695674624  Metric: 0, 1 Values: (UINT64; 30000)
METRIC                      4294967296  1346159006695675904  Metric: 0, 1 Values: (UINT64; 30000)
METRIC                      4294967296  1346159006695676416  Metric: 0, 1 Values: (UINT64; 30000)
METRIC                      4294967296  1346159006711420928  Metric: 0, 1 Values: (UINT64; 50000)
METRIC                      4294967296  1346159006711454976  Metric: 0, 1 Values: (UINT64; 50000)
METRIC                      4294967296  1346159006711455744  Metric: 0, 1 Values: (UINT64; 50000)
METRIC                      4294967296  1346159006711456256  Metric: 0, 1 Values: (UINT64; 50000)
METRIC                      4294967296  1346159006711458560  Metric: 0, 1 Values: (UINT64; 50000)
METRIC                      4294967296  1346159006711459328  Metric: 0, 1 Values: (UINT64; 50000)
METRIC                      4294967296  1346159006711465728  Metric: 0, 1 Values: (UINT64; 50000)
METRIC                      4294967296  1346159006711466240  Metric: 0, 1 Values: (UINT64; 50000)
METRIC                      4294967296  1346159006716728576  Metric: 0, 1 Values: (UINT64; 50000)
METRIC                      4294967296  1346159006716768768  Metric: 0, 1 Values: (UINT64; 50000)
METRIC                      4294967296  1346159006716769536  Metric: 0, 1 Values: (UINT64; 50000)
METRIC                      4294967296  1346159006716770048  Metric: 0, 1 Values: (UINT64; 50000)
METRIC                      4294967296  1346159006732544768  Metric: 0, 1 Values: (UINT64; 70000)
METRIC                      4294967296  1346159006732549888  Metric: 0, 1 Values: (UINT64; 70000)
METRIC                      4294967296  1346159006732550656  Metric: 0, 1 Values: (UINT64; 70000)
METRIC                      4294967296  1346159006732551168  Metric: 0, 1 Values: (UINT64; 70000)
METRIC                      4294967296  1346159006732551680  Metric: 0, 1 Values: (UINT64; 70000)
METRIC                      4294967296  1346159006732552192  Metric: 0, 1 Values: (UINT64; 70000)
METRIC                      4294967296  1346159006732559872  Metric: 0, 1 Values: (UINT64; 70000)
METRIC                      4294967296  1346159006732560640  Metric: 0, 1 Values: (UINT64; 70000)
METRIC                      4294967296  1346159006737825536  Metric: 0, 1 Values: (UINT64; 70000)
METRIC                      4294967296  1346159006737838336  Metric: 0, 1 Values: (UINT64; 70000)
METRIC                      4294967296  1346159006737839360  Metric: 0, 1 Values: (UINT64; 70000)
METRIC                      4294967296  1346159006737840128  Metric: 0, 1 Values: (UINT64; 70000)
METRIC                      4294967296  1346159006753580544  Metric: 0, 1 Values: (UINT64; 90000)
METRIC                      4294967296  1346159006753585408  Metric: 0, 1 Values: (UINT64; 90000)
METRIC                      4294967296  1346159006753585920  Metric: 0, 1 Values: (UINT64; 90000)
METRIC                      4294967296  1346159006753586432  Metric: 0, 1 Values: (UINT64; 90000)
METRIC                      4294967296  1346159006753587200  Metric: 0, 1 Values: (UINT64; 90000)
METRIC                      4294967296  1346159006753587712  Metric: 0, 1 Values: (UINT64; 90000)
METRIC                      4294967296  1346159006753593600  Metric: 0, 1 Values: (UINT64; 90000)
METRIC                      4294967296  1346159006753594368  Metric: 0, 1 Values: (UINT64; 90000)
METRIC                      4294967296  1346159006758870272  Metric: 0, 1 Values: (UINT64; 90000)
METRIC                      4294967296  1346159006758876160  Metric: 0, 1 Values: (UINT64; 90000)
METRIC                      4294967296  1346159006758876672  Metric: 0, 1 Values: (UINT64; 90000)
METRIC                      4294967296  1346159006758877184  Metric: 0, 1 Values: (UINT64; 90000)
METRIC                      4294967296  1346159006774648832  Metric: 0, 1 Values: (UINT64; 110000)
METRIC                      4294967296  1346159006774654208  Metric: 0, 1 Values: (UINT64; 110000)
METRIC                      4294967296  1346159006774654720  Metric: 0, 1 Values: (UINT64; 110000)
METRIC                      4294967296  1346159006774655232  Metric: 0, 1 Values: (UINT64; 110000)
METRIC                      4294967296  1346159006774655744  Metric: 0, 1 Values: (UINT64; 110000)
METRIC                      4294967296  1346159006774656512  Metric: 0, 1 Values: (UINT64; 110000)
METRIC                      4294967296  1346159006774663424  Metric: 0, 1 Values: (UINT64; 110000)
METRIC                      4294967296  1346159006774663936  Metric: 0, 1 Values: (UINT64; 110000)
METRIC                      4294967296  1346159006779959552  Metric: 0, 1 Values: (UINT64; 120000)
METRIC                      4294967296  1346159006779966720  Metric: 0, 1 Values: (UINT64; 120000)
METRIC                      4294967296  1346159006779967232  Metric: 0, 1 Values: (UINT64; 120000)
METRIC                      4294967296  1346159006779968000  Metric: 0, 1 Values: (UINT64; 120000)
METRIC                      4294967296  1346159006795706368  Metric: 0, 1 Values: (UINT64; 130000)
METRIC                      4294967296  1346159006795711488  Metric: 0, 1 Values: (UINT64; 130000)
METRIC                      4294967296  1346159006795712256  Metric: 0, 1 Values: (UINT64; 130000)
METRIC                      4294967296  1346159006795712512  Metric: 0, 1 Values: (UINT64; 130000)
METRIC                      4294967296  1346159006795713280  Metric: 0, 1 Values: (UINT64; 130000)
METRIC                      4294967296  1346159006795713792  Metric: 0, 1 Values: (UINT64; 130000)
