METRIC                             0       54367365484281  metric ID: 0, number of metrics: 1, values: 0
METRIC                             0       54367365535581  metric ID: 0, number of metrics: 1, values: 0
METRIC                             0       54367365646248  metric ID: 0, number of metrics: 1, values: 0
METRIC                             0       54367365658770  metric ID: 0, number of metrics: 1, values: 0
METRIC                             0       54367365892332  metric ID: 0, number of metrics: 1, values: 0
METRIC                    4294967296       54367365892341  metric ID: 0, number of metrics: 1, values: 0
METRIC                    8589934592       54367365892425  metric ID: 0, number of metrics: 1, values: 0
METRIC                   12884901888       54367365892434  metric ID: 0, number of metrics: 1, values: 0
METRIC                             0       54367365909138  metric ID: 0, number of metrics: 1, values: 0
METRIC                    4294967296       54367366560561  metric ID: 0, number of metrics: 1, values: 0
METRIC                   12884901888       54367368098778  metric ID: 0, number of metrics: 1, values: 0
METRIC                    8589934592       54367368098787  metric ID: 0, number of metrics: 1, values: 0
METRIC                             0       54367446589425  metric ID: 0, number of metrics: 1, values: 0
METRIC                   12884901888       54367451180511  metric ID: 0, number of metrics: 1, values: 0
METRIC                    4294967296       54367451231328  metric ID: 0, number of metrics: 1, values: 0
METRIC                    8589934592       54367488243696  metric ID: 0, number of metrics: 1, values: 0
METRIC                   12884901888       54367488287079  metric ID: 0, number of metrics: 1, values: 0
METRIC                             0       54367488287676  metric ID: 0, number of metrics: 1, values: 0
METRIC                    4294967296       54367488287736  metric ID: 0, number of metrics: 1, values: 0
METRIC                    8589934592       54367488290814  metric ID: 0, number of metrics: 1, values: 0
METRIC                    8589934592       54367488297729  metric ID: 0, number of metrics: 1, values: 0
METRIC                    8589934592       54367488301479  metric ID: 0, number of metrics: 1, values: 0
METRIC                    4294967296       54367488307833  metric ID: 0, number of metrics: 1, values: 0
METRIC                             0       54367488307842  metric ID: 0, number of metrics: 1, values: 0
METRIC                   12884901888       54367488308619  metric ID: 0, number of metrics: 1, values: 0
METRIC                             0       54367488311250  metric ID: 0, number of metrics: 1, values: 0
METRIC                    4294967296       54367488311256  metric ID: 0, number of metrics: 1, values: 0
METRIC                   12884901888       54367488311838  metric ID: 0, number of metrics: 1, values: 0
METRIC                             0       54367488380730  metric ID: 0, number of metrics: 1, values: 0
METRIC                             0       54367488400437  metric ID: 0, number of metrics: 1, values: 0
METRIC                             0       54367488427842  metric ID: 0, number of metrics: 1, values: 0
METRIC                             0       54367488441456  metric ID: 0, number of metrics: 1, values: 0
METRIC                    4294967296       54367488477420  metric ID: 0, number of metrics: 1, values: 0
METRIC                   12884901888       54367488477423  metric ID: 0, number of metrics: 1, values: 0
METRIC                    8589934592       54367488477432  metric ID: 0, number of metrics: 1, values: 0
METRIC                             0       54367488477900  metric ID: 0, number of metrics: 1, values: 0
METRIC                    8589934592       54367488481743  metric ID: 0, number of metrics: 1, values: 0
METRIC                   12884901888       54367488481761  metric ID: 0, number of metrics: 1, values: 0
METRIC                             0       54367488482931  metric ID: 0, number of metrics: 1, values: 0
METRIC                    4294967296       54367488484113  metric ID: 0, number of metrics: 1, values: 0
METRIC                             0       54367525274790  metric ID: 0, number of metrics: 1, values: 0
METRIC                   12884901888       54367525503666  metric ID: 0, number of metrics: 1, values: 0
METRIC                    8589934592       54367525708479  metric ID: 0, number of metrics: 1, values: 0
METRIC                    4294967296       54367526977095  metric ID: 0, number of metrics: 1, values: 0
METRIC                   12884901888       54367526993649  metric ID: 0, number of metrics: 1, values: 0
METRIC                             0       54367526993667  metric ID: 0, number of metrics: 1, values: 0
METRIC                    8589934592       54367526993673  metric ID: 0, number of metrics: 1, values: 0
METRIC                   12884901888       54367526997126  metric ID: 0, number of metrics: 1, values: 0
METRIC                    8589934592       54367526997141  metric ID: 0, number of metrics: 1, values: 0
METRIC                    4294967296       54367526997330  metric ID: 0, number of metrics: 1, values: 0
METRIC                             0       54367526998911  metric ID: 0, number of metrics: 1, values: 0
METRIC                   12884901888       54367527000633  metric ID: 0, number of metrics: 1, values: 0
METRIC                    8589934592       54367527000738  metric ID: 0, number of metrics: 1, values: 0
METRIC                    4294967296       54367527000768  metric ID: 0, number of metrics: 1, values: 0
METRIC                             0       54367527002421  metric ID: 0, number of metrics: 1, values: 0
METRIC                    4294967296       54367527004335  metric ID: 0, number of metrics: 1, values: 0
METRIC                             0       54367651698318  metric ID: 0, number of metrics: 1, values: 0
METRIC                   12884901888       54367653130686  metric ID: 0, number of metrics: 1, values: 0
METRIC                    4294967296       54367654817766  metric ID: 0, number of metrics: 1, values: 0
METRIC                    8589934592       54367670607264  metric ID: 0, number of metrics: 1, values: 0
METRIC                             0       54367670636778  metric ID: 0, number of metrics: 1, values: 0
METRIC                    4294967296       54367670637114  metric ID: 0, number of metrics: 1, values: 0
METRIC                   12884901888       54367670637294  metric ID: 0, number of metrics: 1, values: 0
METRIC                    8589934592       54367670641008  metric ID: 0, number of metrics: 1, values: 0
METRIC                    8589934592       54367670645106  metric ID: 0, number of metrics: 1, values: 0
METRIC                    4294967296       54367670647638  metric ID: 0, number of metrics: 1, values: 0
METRIC                             0       54367670648238  metric ID: 0, number of metrics: 1, values: 0
METRIC                    8589934592       54367670648259  metric ID: 0, number of metrics: 1, values: 0
METRIC                   12884901888       54367670649852  metric ID: 0, number of metrics: 1, values: 0
METRIC                    4294967296       54367670651337  metric ID: 0, number of metrics: 1, values: 0
METRIC                             0       54367670651472  metric ID: 0, number of metrics: 1, values: 0
METRIC                   12884901888       54367670653005  metric ID: 0, number of metrics: 1, values: 0
METRIC                    8589934592       54367670656077  metric ID: 0, number of metrics: 1, values: 0
METRIC                    4294967296       54367670656143  metric ID: 0, number of metrics: 1, values: 0
METRIC                             0       54367670656158  metric ID: 0, number of metrics: 1, values: 0
METRIC                   12884901888       54367670656869  metric ID: 0, number of metrics: 1, values: 0
METRIC                    8589934592       54367670659392  metric ID: 0, number of metrics: 1, values: 0
METRIC                             0       54367670659428  metric ID: 0, number of metrics: 1, values: 0
METRIC                    4294967296       54367670659437  metric ID: 0, number of metrics: 1, values: 0
METRIC                   12884901888       54367670659509  metric ID: 0, number of metrics: 1, values: 0
METRIC                    4294967296       54367670715966  metric ID: 0, number of metrics: 1, values: 0
METRIC                    8589934592       54367670716020  metric ID: 0, number of metrics: 1, values: 0
METRIC                   12884901888       54367670716026  metric ID: 0, number of metrics: 1, values: 0
METRIC                             0       54367670716146  metric ID: 0, number of metrics: 1, values: 0
METRIC                    8589934592       54367670719845  metric ID: 0, number of metrics: 1, values: 0
METRIC                   12884901888       54367670719854  metric ID: 0, number of metrics: 1, values: 0
METRIC                    4294967296       54367670720259  metric ID: 0, number of metrics: 1, values: 0
METRIC                             0       54367670720274  metric ID: 0, number of metrics: 1, values: 0
METRIC                             0       54367699239765  metric ID: 0, number of metrics: 1, values: 0
METRIC                   12884901888       54367700473296  metric ID: 0, number of metrics: 1, values: 0
METRIC                    8589934592       54367700672850  metric ID: 0, number of metrics: 1, values: 0
METRIC                    4294967296       54367701869175  metric ID: 0, number of metrics: 1, values: 0
METRIC                   12884901888       54367701891903  metric ID: 0, number of metrics: 1, values: 0
METRIC                    8589934592       54367701891930  metric ID: 0, number of metrics: 1, values: 0
METRIC                             0       54367701892431  metric ID: 0, number of metrics: 1, values: 0
METRIC                    4294967296       54367701895047  metric ID: 0, number of metrics: 1, values: 0
METRIC                   12884901888       54367701896562  metric ID: 0, number of metrics: 1, values: 0
METRIC                    8589934592       54367701896583  metric ID: 0, number of metrics: 1, values: 0
METRIC                    4294967296       54367701898392  metric ID: 0, number of metrics: 1, values: 0
METRIC                             0       54367701899886  metric ID: 0, number of metrics: 1, values: 0
METRIC                   12884901888       54367701900189  metric ID: 0, number of metrics: 1, values: 0
METRIC                    8589934592       54367701900210  metric ID: 0, number of metrics: 1, values: 0
METRIC                    4294967296       54367701901503  metric ID: 0, number of metrics: 1, values: 0
METRIC                             0       54367701902931  metric ID: 0, number of metrics: 1, values: 0
METRIC                             0       54367826628759  metric ID: 0, number of metrics: 1, values: 0
METRIC                    4294967296       54367829006538  metric ID: 0, number of metrics: 1, values: 0
METRIC                   12884901888       54367829038992  metric ID: 0, number of metrics: 1, values: 0
METRIC                    8589934592       54367846721454  metric ID: 0, number of metrics: 1, values: 0
METRIC                             0       54367846752246  metric ID: 0, number of metrics: 1, values: 0
METRIC                   12884901888       54367846752285  metric ID: 0, number of metrics: 1, values: 0
METRIC                    4294967296       54367846752675  metric ID: 0, number of metrics: 1, values: 0
METRIC                    8589934592       54367846754874  metric ID: 0, number of metrics: 1, values: 0
METRIC                    8589934592       54367846759635  metric ID: 0, number of metrics: 1, values: 0
METRIC                    8589934592       54367846763181  metric ID: 0, number of metrics: 1, values: 0
METRIC                   12884901888       54367846763271  metric ID: 0, number of metrics: 1, values: 0
METRIC                             0       54367846765245  metric ID: 0, number of metrics: 1, values: 0
METRIC                    4294967296       54367846765311  metric ID: 0, number of metrics: 1, values: 0
METRIC                   12884901888       54367846766406  metric ID: 0, number of metrics: 1, values: 0
METRIC                             0       54367846768704  metric ID: 0, number of metrics: 1, values: 0
METRIC                    4294967296       54367846768713  metric ID: 0, number of metrics: 1, values: 0
METRIC                   12884901888       54367846772706  metric ID: 0, number of metrics: 1, values: 0
METRIC                             0       54367846772727  metric ID: 0, number of metrics: 1, values: 0
METRIC                    8589934592       54367846772730  metric ID: 0, number of metrics: 1, values: 0
METRIC                    4294967296       54367846773642  metric ID: 0, number of metrics: 1, values: 0
METRIC                   12884901888       54367846775799  metric ID: 0, number of metrics: 1, values: 0
METRIC                    8589934592       54367846775805  metric ID: 0, number of metrics: 1, values: 0
METRIC                             0       54367846775859  metric ID: 0, number of metrics: 1, values: 0
METRIC                    4294967296       54367846776414  metric ID: 0, number of metrics: 1, values: 0
METRIC                    4294967296       54367846830477  metric ID: 0, number of metrics: 1, values: 0
METRIC                    8589934592       54367846830528  metric ID: 0, number of metrics: 1, values: 0
METRIC                   12884901888       54367846830537  metric ID: 0, number of metrics: 1, values: 0
METRIC                             0       54367846830603  metric ID: 0, number of metrics: 1, values: 0
METRIC                    8589934592       54367846835529  metric ID: 0, number of metrics: 1, values: 0
METRIC                   12884901888       54367846835544  metric ID: 0, number of metrics: 1, values: 0
METRIC                    4294967296       54367846835604  metric ID: 0, number of metrics: 1, values: 0
METRIC                             0       54367846835622  metric ID: 0, number of metrics: 1, values: 0
METRIC                             0       54367875918954  metric ID: 0, number of metrics: 1, values: 0
METRIC                    4294967296       54367876359114  metric ID: 0, number of metrics: 1, values: 0
METRIC                   12884901888       54367876632552  metric ID: 0, number of metrics: 1, values: 0
METRIC                    8589934592       54367876872963  metric ID: 0, number of metrics: 1, values: 0
METRIC                   12884901888       54367876887990  metric ID: 0, number of metrics: 1, values: 0
METRIC                    4294967296       54367876888164  metric ID: 0, number of metrics: 1, values: 0
METRIC                             0       54367876888176  metric ID: 0, number of metrics: 1, values: 0
METRIC                    8589934592       54367876890768  metric ID: 0, number of metrics: 1, values: 0
METRIC                   12884901888       54367876891986  metric ID: 0, number of metrics: 1, values: 0
METRIC                             0       54367876891995  metric ID: 0, number of metrics: 1, values: 0
METRIC                    4294967296       54367876892007  metric ID: 0, number of metrics: 1, values: 0
METRIC                    8589934592       54367876893870  metric ID: 0, number of metrics: 1, values: 0
METRIC                             0       54367876895745  metric ID: 0, number of metrics: 1, values: 0
METRIC                    4294967296       54367876895763  metric ID: 0, number of metrics: 1, values: 0
METRIC                   12884901888       54367876896036  metric ID: 0, number of metrics: 1, values: 0
METRIC                    8589934592       54367876897209  metric ID: 0, number of metrics: 1, values: 0
METRIC                             0       54368001332535  metric ID: 0, number of metrics: 1, values: 0
METRIC                   12884901888       54368003465313  metric ID: 0, number of metrics: 1, values: 0
METRIC                    4294967296       54368006274603  metric ID: 0, number of metrics: 1, values: 0
METRIC                    8589934592       54368021222001  metric ID: 0, number of metrics: 1, values: 0
METRIC                   12884901888       54368021245026  metric ID: 0, number of metrics: 1, values: 0
METRIC                             0       54368021245128  metric ID: 0, number of metrics: 1, values: 0
METRIC                    4294967296       54368021245146  metric ID: 0, number of metrics: 1, values: 0
METRIC                    8589934592       54368021248161  metric ID: 0, number of metrics: 1, values: 0
METRIC                    4294967296       54368021252574  metric ID: 0, number of metrics: 1, values: 0
METRIC                    8589934592       54368021253618  metric ID: 0, number of metrics: 1, values: 0
METRIC                    4294967296       54368021255751  metric ID: 0, number of metrics: 1, values: 0
METRIC                    8589934592       54368021256366  metric ID: 0, number of metrics: 1, values: 0
METRIC                             0       54368021257785  metric ID: 0, number of metrics: 1, values: 0
METRIC                   12884901888       54368021259582  metric ID: 0, number of metrics: 1, values: 0
METRIC                             0       54368021260617  metric ID: 0, number of metrics: 1, values: 0
METRIC                   12884901888       54368021262603  metric ID: 0, number of metrics: 1, values: 0
METRIC                    8589934592       54368021265615  metric ID: 0, number of metrics: 1, values: 0
METRIC                    4294967296       54368021265711  metric ID: 0, number of metrics: 1, values: 0
METRIC                             0       54368021265720  metric ID: 0, number of metrics: 1, values: 0
METRIC                   12884901888       54368021268246  metric ID: 0, number of metrics: 1, values: 0
METRIC                             0       54368021268681  metric ID: 0, number of metrics: 1, values: 0
METRIC                    4294967296       54368021268693  metric ID: 0, number of metrics: 1, values: 0
METRIC                    8589934592       54368021269461  metric ID: 0, number of metrics: 1, values: 0
METRIC                   12884901888       54368021271102  metric ID: 0, number of metrics: 1, values: 0
METRIC                    4294967296       54368021323077  metric ID: 0, number of metrics: 1, values: 0
METRIC                    8589934592       54368021323098  metric ID: 0, number of metrics: 1, values: 0
METRIC                   12884901888       54368021323107  metric ID: 0, number of metrics: 1, values: 0
METRIC                             0       54368021323812  metric ID: 0, number of metrics: 1, values: 0
METRIC                    8589934592       54368021326920  metric ID: 0, number of metrics: 1, values: 0
METRIC                   12884901888       54368021326941  metric ID: 0, number of metrics: 1, values: 0
METRIC                    4294967296       54368021327682  metric ID: 0, number of metrics: 1, values: 0
METRIC                             0       54368021327694  metric ID: 0, number of metrics: 1, values: 0
METRIC                             0       54368050440321  metric ID: 0, number of metrics: 1, values: 0
METRIC                    4294967296       54368050887537  metric ID: 0, number of metrics: 1, values: 0
METRIC                   12884901888       54368051030967  metric ID: 0, number of metrics: 1, values: 0
METRIC                    8589934592       54368051289393  metric ID: 0, number of metrics: 1, values: 0
METRIC                   12884901888       54368051304255  metric ID: 0, number of metrics: 1, values: 0
METRIC                             0       54368051304513  metric ID: 0, number of metrics: 1, values: 0
METRIC                    8589934592       54368051307045  metric ID: 0, number of metrics: 1, values: 0
METRIC                   12884901888       54368051308548  metric ID: 0, number of metrics: 1, values: 0
METRIC                    8589934592       54368051310510  metric ID: 0, number of metrics: 1, values: 0
METRIC                             0       54368051312076  metric ID: 0, number of metrics: 1, values: 0
METRIC                   12884901888       54368051312196  metric ID: 0, number of metrics: 1, values: 0
METRIC                    8589934592       54368051313522  metric ID: 0, number of metrics: 1, values: 0
METRIC                             0       54368051315232  metric ID: 0, number of metrics: 1, values: 0
METRIC                    4294967296       54368051888217  metric ID: 0, number of metrics: 1, values: 0
METRIC                    4294967296       54368051900274  metric ID: 0, number of metrics: 1, values: 0
METRIC                    4294967296       54368051903337  metric ID: 0, number of metrics: 1, values: 0
METRIC                             0       54368175912915  metric ID: 0, number of metrics: 1, values: 0
METRIC                   12884901888       54368178161604  metric ID: 0, number of metrics: 1, values: 0
METRIC                    4294967296       54368178746244  metric ID: 0, number of metrics: 1, values: 0
METRIC                    8589934592       54368195978424  metric ID: 0, number of metrics: 1, values: 0
METRIC                   12884901888       54368196007239  metric ID: 0, number of metrics: 1, values: 0
METRIC                             0       54368196007302  metric ID: 0, number of metrics: 1, values: 0
METRIC                    4294967296       54368196007476  metric ID: 0, number of metrics: 1, values: 0
METRIC                    8589934592       54368196010515  metric ID: 0, number of metrics: 1, values: 0
METRIC                    8589934592       54368196015171  metric ID: 0, number of metrics: 1, values: 0
METRIC                   12884901888       54368196017469  metric ID: 0, number of metrics: 1, values: 0
METRIC                    8589934592       54368196018675  metric ID: 0, number of metrics: 1, values: 0
METRIC                    4294967296       54368196018828  metric ID: 0, number of metrics: 1, values: 0
METRIC                             0       54368196018846  metric ID: 0, number of metrics: 1, values: 0
METRIC                   12884901888       54368196020589  metric ID: 0, number of metrics: 1, values: 0
METRIC                    4294967296       54368196022278  metric ID: 0, number of metrics: 1, values: 0
METRIC                             0       54368196022290  metric ID: 0, number of metrics: 1, values: 0
METRIC                             0       54368196026295  metric ID: 0, number of metrics: 1, values: 0
METRIC                   12884901888       54368196026310  metric ID: 0, number of metrics: 1, values: 0
METRIC                    8589934592       54368196026319  metric ID: 0, number of metrics: 1, values: 0
METRIC                    4294967296       54368196027744  metric ID: 0, number of metrics: 1, values: 0
METRIC                   12884901888       54368196029337  metric ID: 0, number of metrics: 1, values: 0
METRIC                    8589934592       54368196029361  metric ID: 0, number of metrics: 1, values: 0
METRIC                             0       54368196029847  metric ID: 0, number of metrics: 1, values: 0
METRIC                    4294967296       54368196030684  metric ID: 0, number of metrics: 1, values: 0
METRIC                    8589934592       54368197862334  metric ID: 0, number of metrics: 1, values: 0
METRIC                   12884901888       54368197862352  metric ID: 0, number of metrics: 1, values: 0
METRIC                    4294967296       54368197862445  metric ID: 0, number of metrics: 1, values: 0
METRIC                             0       54368197862877  metric ID: 0, number of metrics: 1, values: 0
METRIC                   12884901888       54368197866087  metric ID: 0, number of metrics: 1, values: 0
METRIC                    8589934592       54368197866096  metric ID: 0, number of metrics: 1, values: 0
METRIC                    4294967296       54368197867602  metric ID: 0, number of metrics: 1, values: 0
METRIC                             0       54368197868355  metric ID: 0, number of metrics: 1, values: 0
METRIC                             0       54368226830379  metric ID: 0, number of metrics: 1, values: 0
METRIC                    4294967296       54368227304526  metric ID: 0, number of metrics: 1, values: 0
METRIC                   12884901888       54368227900341  metric ID: 0, number of metrics: 1, values: 0
METRIC                    8589934592       54368227910799  metric ID: 0, number of metrics: 1, values: 0
METRIC                   12884901888       54368227923366  metric ID: 0, number of metrics: 1, values: 0
METRIC                    4294967296       54368227923525  metric ID: 0, number of metrics: 1, values: 0
METRIC                             0       54368227923540  metric ID: 0, number of metrics: 1, values: 0
METRIC                    8589934592       54368227926276  metric ID: 0, number of metrics: 1, values: 0
METRIC                   12884901888       54368227927257  metric ID: 0, number of metrics: 1, values: 0
METRIC                    4294967296       54368227927326  metric ID: 0, number of metrics: 1, values: 0
METRIC                             0       54368227927746  metric ID: 0, number of metrics: 1, values: 0
METRIC                    8589934592       54368227929495  metric ID: 0, number of metrics: 1, values: 0
METRIC                    4294967296       54368227931316  metric ID: 0, number of metrics: 1, values: 0
METRIC                             0       54368227931325  metric ID: 0, number of metrics: 1, values: 0
METRIC                   12884901888       54368227931472  metric ID: 0, number of metrics: 1, values: 0
METRIC                    8589934592       54368227932888  metric ID: 0, number of metrics: 1, values: 0
METRIC                             0       54368352563355  metric ID: 0, number of metrics: 1, values: 0
METRIC                   12884901888       54368354353065  metric ID: 0, number of metrics: 1, values: 0
METRIC                    4294967296       54368355269646  metric ID: 0, number of metrics: 1, values: 0
METRIC                    8589934592       54368372694615  metric ID: 0, number of metrics: 1, values: 0
METRIC                   12884901888       54368372721726  metric ID: 0, number of metrics: 1, values: 0
METRIC                             0       54368372721930  metric ID: 0, number of metrics: 1, values: 0
METRIC                    4294967296       54368372722314  metric ID: 0, number of metrics: 1, values: 0
METRIC                    8589934592       54368372724846  metric ID: 0, number of metrics: 1, values: 0
METRIC                    8589934592       54368372730255  metric ID: 0, number of metrics: 1, values: 0
METRIC                    8589934592       54368372733390  metric ID: 0, number of metrics: 1, values: 0
METRIC                   12884901888       54368372735247  metric ID: 0, number of metrics: 1, values: 0
METRIC                    4294967296       54368372735295  metric ID: 0, number of metrics: 1, values: 0
METRIC                             0       54368372736456  metric ID: 0, number of metrics: 1, values: 0
METRIC                   12884901888       54368372738214  metric ID: 0, number of metrics: 1, values: 0
METRIC                    4294967296       54368372738760  metric ID: 0, number of metrics: 1, values: 0
METRIC                             0       54368372739648  metric ID: 0, number of metrics: 1, values: 0
METRIC                    4294967296       54368372743257  metric ID: 0, number of metrics: 1, values: 0
METRIC                   12884901888       54368372743260  metric ID: 0, number of metrics: 1, values: 0
METRIC                    8589934592       54368372743290  metric ID: 0, number of metrics: 1, values: 0
METRIC                             0       54368372744208  metric ID: 0, number of metrics: 1, values: 0
METRIC                   12884901888       54368372746341  metric ID: 0, number of metrics: 1, values: 0
METRIC                    4294967296       54368372746437  metric ID: 0, number of metrics: 1, values: 0
METRIC                    8589934592       54368372746518  metric ID: 0, number of metrics: 1, values: 0
METRIC                             0       54368372747049  metric ID: 0, number of metrics: 1, values: 0
METRIC                             0       54368378263353  metric ID: 0, number of metrics: 1, values: 0
METRIC                             0       54368378273730  metric ID: 0, number of metrics: 1, values: 0
METRIC                             0       54368378279853  metric ID: 0, number of metrics: 1, values: 0
METRIC                             0       54368378296383  metric ID: 0, number of metrics: 1, values: 0
METRIC                             0       54368584868406  metric ID: 0, number of metrics: 1, values: 0
METRIC                             0       54368584912791  metric ID: 0, number of metrics: 1, values: 0
METRIC                             0       54368584988517  metric ID: 0, number of metrics: 1, values: 0
METRIC                             0       54368584998069  metric ID: 0, number of metrics: 1, values: 0
METRIC                             0       54368596283067  metric ID: 0, number of metrics: 1, values: 0
METRIC                             0       54368596296939  metric ID: 0, number of metrics: 1, values: 0
