METRIC                             3       53056462969566  metric ID: 0, number of metrics: 1, values: 0
METRIC                             3       53056463021493  metric ID: 0, number of metrics: 1, values: 0
METRIC                             3       53056463025813  metric ID: 0, number of metrics: 1, values: 0
METRIC                             2       53056478235348  metric ID: 0, number of metrics: 1, values: 0
METRIC                             2       53056478293092  metric ID: 0, number of metrics: 1, values: 0
METRIC                             2       53056478298747  metric ID: 0, number of metrics: 1, values: 0
METRIC                             0       53056524823905  metric ID: 0, number of metrics: 1, values: 0
METRIC                             0       53056524876450  metric ID: 0, number of metrics: 1, values: 0
METRIC                             0       53056524883359  metric ID: 0, number of metrics: 1, values: 0
METRIC                             1       53056536322137  metric ID: 0, number of metrics: 1, values: 0
METRIC                             1       53056536364677  metric ID: 0, number of metrics: 1, values: 0
METRIC                             1       53056536368553  metric ID: 0, number of metrics: 1, values: 0
METRIC                             1       53059324048344  metric ID: 0, number of metrics: 1, values: 0
METRIC                             3       53059324048353  metric ID: 0, number of metrics: 1, values: 0
METRIC                             1       53059324073022  metric ID: 0, number of metrics: 1, values: 0
METRIC                             3       53059324073976  metric ID: 0, number of metrics: 1, values: 0
METRIC                             1       53059324076604  metric ID: 0, number of metrics: 1, values: 0
METRIC                             3       53059324078215  metric ID: 0, number of metrics: 1, values: 0
METRIC                             1       53059324078626  metric ID: 0, number of metrics: 1, values: 0
METRIC                             3       53059324080885  metric ID: 0, number of metrics: 1, values: 0
METRIC                             1       53059324081011  metric ID: 0, number of metrics: 1, values: 0
METRIC                             3       53059324084395  metric ID: 0, number of metrics: 1, values: 0
METRIC                             1       53059324096758  metric ID: 0, number of metrics: 1, values: 0
METRIC                             3       53059324100967  metric ID: 0, number of metrics: 1, values: 0
METRIC                             0       53059324335207  metric ID: 0, number of metrics: 1, values: 0
METRIC                             0       53059324353297  metric ID: 0, number of metrics: 1, values: 0
METRIC                             0       53059324357902  metric ID: 0, number of metrics: 1, values: 0
METRIC                             0       53059324361601  metric ID: 0, number of metrics: 1, values: 0
METRIC                             0       53059324364892  metric ID: 0, number of metrics: 1, values: 0
METRIC                             0       53059324495398  metric ID: 0, number of metrics: 1, values: 0
METRIC                             0       53059324529208  metric ID: 0, number of metrics: 1, values: 0
METRIC                             1       53059324536807  metric ID: 0, number of metrics: 1, values: 0
METRIC                             3       53059324545030  metric ID: 0, number of metrics: 1, values: 0
METRIC                             1       53059324576803  metric ID: 0, number of metrics: 1, values: 0
METRIC                             0       53059324576848  metric ID: 0, number of metrics: 1, values: 0
METRIC                             3       53059324592343  metric ID: 0, number of metrics: 1, values: 0
METRIC                             1       53059324595058  metric ID: 0, number of metrics: 1, values: 0
METRIC                             0       53059324596102  metric ID: 0, number of metrics: 1, values: 0
METRIC                             3       53059324604682  metric ID: 0, number of metrics: 1, values: 0
METRIC                             2       53059348565175  metric ID: 0, number of metrics: 1, values: 0
METRIC                             2       53059348592883  metric ID: 0, number of metrics: 1, values: 0
METRIC                             2       53059348597083  metric ID: 0, number of metrics: 1, values: 0
METRIC                             2       53059348600416  metric ID: 0, number of metrics: 1, values: 0
METRIC                             2       53059348604052  metric ID: 0, number of metrics: 1, values: 0
METRIC                             2       53059348626792  metric ID: 0, number of metrics: 1, values: 0
METRIC                             2       53059348695219  metric ID: 0, number of metrics: 1, values: 0
METRIC                             2       53059348753557  metric ID: 0, number of metrics: 1, values: 0
METRIC                             2       53059348772493  metric ID: 0, number of metrics: 1, values: 0
METRIC                             1       53059381277469  metric ID: 0, number of metrics: 1, values: 0
METRIC                             1       53059381375455  metric ID: 0, number of metrics: 1, values: 0
METRIC                             1       53059381406067  metric ID: 0, number of metrics: 1, values: 0
METRIC                             1       53059381413921  metric ID: 0, number of metrics: 1, values: 0
METRIC                             1       53059381487217  metric ID: 0, number of metrics: 1, values: 0
METRIC                             1       53059381490553  metric ID: 0, number of metrics: 1, values: 0
METRIC                             1       53059381501236  metric ID: 0, number of metrics: 1, values: 0
METRIC                             1       53059399574439  metric ID: 0, number of metrics: 1, values: 0
METRIC                             3       53059415927145  metric ID: 0, number of metrics: 1, values: 0
METRIC                             3       53059416020547  metric ID: 0, number of metrics: 1, values: 0
METRIC                             3       53059416054297  metric ID: 0, number of metrics: 1, values: 0
METRIC                             3       53059416065865  metric ID: 0, number of metrics: 1, values: 0
METRIC                             3       53059416105615  metric ID: 0, number of metrics: 1, values: 0
METRIC                             0       53059440140967  metric ID: 0, number of metrics: 1, values: 0
METRIC                             0       53059440248808  metric ID: 0, number of metrics: 1, values: 0
METRIC                             0       53059440287931  metric ID: 0, number of metrics: 1, values: 0
METRIC                             0       53059440298623  metric ID: 0, number of metrics: 1, values: 0
METRIC                             0       53059440342819  metric ID: 0, number of metrics: 1, values: 0
METRIC                             3       53059447708467  metric ID: 0, number of metrics: 1, values: 0
METRIC                             2       53059464566046  metric ID: 0, number of metrics: 1, values: 0
METRIC                             2       53059464672075  metric ID: 0, number of metrics: 1, values: 0
METRIC                             2       53059464711672  metric ID: 0, number of metrics: 1, values: 0
METRIC                             2       53059464722532  metric ID: 0, number of metrics: 1, values: 0
METRIC                             2       53059464803949  metric ID: 0, number of metrics: 1, values: 0
METRIC                             2       53059464809097  metric ID: 0, number of metrics: 1, values: 0
METRIC                             2       53059464834207  metric ID: 0, number of metrics: 1, values: 0
METRIC                             0       53059484446968  metric ID: 0, number of metrics: 1, values: 0
METRIC                             0       53059484681469  metric ID: 0, number of metrics: 1, values: 0
METRIC                             1       53059484692182  metric ID: 0, number of metrics: 1, values: 0
METRIC                             0       53059484693889  metric ID: 0, number of metrics: 1, values: 0
METRIC                             1       53059484707935  metric ID: 0, number of metrics: 1, values: 0
METRIC                             0       53059484722812  metric ID: 0, number of metrics: 1, values: 0
METRIC                             0       53059484727963  metric ID: 0, number of metrics: 1, values: 0
METRIC                             2       53059492126101  metric ID: 0, number of metrics: 1, values: 0
METRIC                             1       53059492370967  metric ID: 0, number of metrics: 1, values: 0
METRIC                             2       53059492372083  metric ID: 0, number of metrics: 1, values: 0
METRIC                             2       53059492378278  metric ID: 0, number of metrics: 1, values: 0
METRIC                             1       53059492387731  metric ID: 0, number of metrics: 1, values: 0
METRIC                             1       53059492414932  metric ID: 0, number of metrics: 1, values: 0
METRIC                             1       53059492420062  metric ID: 0, number of metrics: 1, values: 0
METRIC                             3       53059494171015  metric ID: 0, number of metrics: 1, values: 0
METRIC                             3       53059494190764  metric ID: 0, number of metrics: 1, values: 0
METRIC                             2       53059494286212  metric ID: 0, number of metrics: 1, values: 0
METRIC                             3       53059494288975  metric ID: 0, number of metrics: 1, values: 0
METRIC                             2       53059494294225  metric ID: 0, number of metrics: 1, values: 0
METRIC                             3       53059494296244  metric ID: 0, number of metrics: 1, values: 0
METRIC                             2       53059494304149  metric ID: 0, number of metrics: 1, values: 0
METRIC                             2       53059494307950  metric ID: 0, number of metrics: 1, values: 0
METRIC                             1       53059589376867  metric ID: 0, number of metrics: 1, values: 0
METRIC                             0       53059592739519  metric ID: 0, number of metrics: 1, values: 0
METRIC                             2       53059594275228  metric ID: 0, number of metrics: 1, values: 0
METRIC                             3       53059604449794  metric ID: 0, number of metrics: 1, values: 0
METRIC                             2       53059604534595  metric ID: 0, number of metrics: 1, values: 0
METRIC                             3       53059604534943  metric ID: 0, number of metrics: 1, values: 0
METRIC                             1       53059604540190  metric ID: 0, number of metrics: 1, values: 0
METRIC                             0       53059604541063  metric ID: 0, number of metrics: 1, values: 0
METRIC                             3       53059604544186  metric ID: 0, number of metrics: 1, values: 0
METRIC                             3       53059604548776  metric ID: 0, number of metrics: 1, values: 0
METRIC                             2       53059604549991  metric ID: 0, number of metrics: 1, values: 0
METRIC                             2       53059604554440  metric ID: 0, number of metrics: 1, values: 0
METRIC                             0       53059604556477  metric ID: 0, number of metrics: 1, values: 0
METRIC                             1       53059604559135  metric ID: 0, number of metrics: 1, values: 0
METRIC                             3       53059604561583  metric ID: 0, number of metrics: 1, values: 0
METRIC                             0       53059604562192  metric ID: 0, number of metrics: 1, values: 0
METRIC                             1       53059604564004  metric ID: 0, number of metrics: 1, values: 0
METRIC                             2       53059604566404  metric ID: 0, number of metrics: 1, values: 0
METRIC                             2       53059604569848  metric ID: 0, number of metrics: 1, values: 0
METRIC                             0       53059604573589  metric ID: 0, number of metrics: 1, values: 0
METRIC                             1       53059604581395  metric ID: 0, number of metrics: 1, values: 0
METRIC                             2       53059604582145  metric ID: 0, number of metrics: 1, values: 0
METRIC                             1       53059604585466  metric ID: 0, number of metrics: 1, values: 0
METRIC                             1       53059604593533  metric ID: 0, number of metrics: 1, values: 0
METRIC                             1       53059626282447  metric ID: 0, number of metrics: 1, values: 0
METRIC                             0       53059626491658  metric ID: 0, number of metrics: 1, values: 0
METRIC                             0       53059626574566  metric ID: 0, number of metrics: 1, values: 0
METRIC                             1       53059626574686  metric ID: 0, number of metrics: 1, values: 0
METRIC                             0       53059626579663  metric ID: 0, number of metrics: 1, values: 0
METRIC                             1       53059626580311  metric ID: 0, number of metrics: 1, values: 0
METRIC                             0       53059626596004  metric ID: 0, number of metrics: 1, values: 0
METRIC                             0       53059626601074  metric ID: 0, number of metrics: 1, values: 0
METRIC                             2       53059626675663  metric ID: 0, number of metrics: 1, values: 0
METRIC                             3       53059626747588  metric ID: 0, number of metrics: 1, values: 0
METRIC                             2       53059626762468  metric ID: 0, number of metrics: 1, values: 0
METRIC                             2       53059626767265  metric ID: 0, number of metrics: 1, values: 0
METRIC                             1       53059626767760  metric ID: 0, number of metrics: 1, values: 0
METRIC                             1       53059626772968  metric ID: 0, number of metrics: 1, values: 0
METRIC                             1       53059626784218  metric ID: 0, number of metrics: 1, values: 0
METRIC                             1       53059626789093  metric ID: 0, number of metrics: 1, values: 0
METRIC                             2       53059626831153  metric ID: 0, number of metrics: 1, values: 0
METRIC                             3       53059626834630  metric ID: 0, number of metrics: 1, values: 0
METRIC                             2       53059626835041  metric ID: 0, number of metrics: 1, values: 0
METRIC                             3       53059626839334  metric ID: 0, number of metrics: 1, values: 0
METRIC                             2       53059626846003  metric ID: 0, number of metrics: 1, values: 0
METRIC                             3       53059626848385  metric ID: 0, number of metrics: 1, values: 0
METRIC                             2       53059626849060  metric ID: 0, number of metrics: 1, values: 0
METRIC                             3       53059626852570  metric ID: 0, number of metrics: 1, values: 0
METRIC                             1       53059723478061  metric ID: 0, number of metrics: 1, values: 0
METRIC                             3       53059726742304  metric ID: 0, number of metrics: 1, values: 0
METRIC                             0       53059730313405  metric ID: 0, number of metrics: 1, values: 0
METRIC                             2       53059735668546  metric ID: 0, number of metrics: 1, values: 0
METRIC                             3       53059735723599  metric ID: 0, number of metrics: 1, values: 0
METRIC                             1       53059735726611  metric ID: 0, number of metrics: 1, values: 0
METRIC                             0       53059735731213  metric ID: 0, number of metrics: 1, values: 0
METRIC                             2       53059735731834  metric ID: 0, number of metrics: 1, values: 0
METRIC                             2       53059735738590  metric ID: 0, number of metrics: 1, values: 0
METRIC                             0       53059735739451  metric ID: 0, number of metrics: 1, values: 0
METRIC                             3       53059735739472  metric ID: 0, number of metrics: 1, values: 0
METRIC                             2       53059735743423  metric ID: 0, number of metrics: 1, values: 0
METRIC                             0       53059735743726  metric ID: 0, number of metrics: 1, values: 0
METRIC                             3       53059735744101  metric ID: 0, number of metrics: 1, values: 0
METRIC                             1       53059735746561  metric ID: 0, number of metrics: 1, values: 0
METRIC                             1       53059735750140  metric ID: 0, number of metrics: 1, values: 0
METRIC                             2       53059735756869  metric ID: 0, number of metrics: 1, values: 0
METRIC                             0       53059735756944  metric ID: 0, number of metrics: 1, values: 0
METRIC                             3       53059735758795  metric ID: 0, number of metrics: 1, values: 0
METRIC                             2       53059735760196  metric ID: 0, number of metrics: 1, values: 0
METRIC                             1       53059735763421  metric ID: 0, number of metrics: 1, values: 0
METRIC                             1       53059735767159  metric ID: 0, number of metrics: 1, values: 0
METRIC                             2       53059735769376  metric ID: 0, number of metrics: 1, values: 0
METRIC                             1       53059735778745  metric ID: 0, number of metrics: 1, values: 0
METRIC                             3       53059757514993  metric ID: 0, number of metrics: 1, values: 0
METRIC                             1       53059757704431  metric ID: 0, number of metrics: 1, values: 0
METRIC                             0       53059758042723  metric ID: 0, number of metrics: 1, values: 0
METRIC                             0       53059758123471  metric ID: 0, number of metrics: 1, values: 0
METRIC                             1       53059758123615  metric ID: 0, number of metrics: 1, values: 0
METRIC                             1       53059758129888  metric ID: 0, number of metrics: 1, values: 0
METRIC                             0       53059758130212  metric ID: 0, number of metrics: 1, values: 0
METRIC                             0       53059758142923  metric ID: 0, number of metrics: 1, values: 0
METRIC                             0       53059758146952  metric ID: 0, number of metrics: 1, values: 0
METRIC                             2       53059759312050  metric ID: 0, number of metrics: 1, values: 0
METRIC                             3       53059759399185  metric ID: 0, number of metrics: 1, values: 0
METRIC                             1       53059759405371  metric ID: 0, number of metrics: 1, values: 0
METRIC                             3       53059759406721  metric ID: 0, number of metrics: 1, values: 0
METRIC                             2       53059759407219  metric ID: 0, number of metrics: 1, values: 0
METRIC                             2       53059759411182  metric ID: 0, number of metrics: 1, values: 0
METRIC                             1       53059759411386  metric ID: 0, number of metrics: 1, values: 0
METRIC                             1       53059759421550  metric ID: 0, number of metrics: 1, values: 0
METRIC                             1       53059759425903  metric ID: 0, number of metrics: 1, values: 0
METRIC                             2       53059759436223  metric ID: 0, number of metrics: 1, values: 0
METRIC                             3       53059759437735  metric ID: 0, number of metrics: 1, values: 0
METRIC                             2       53059759439790  metric ID: 0, number of metrics: 1, values: 0
METRIC                             3       53059759442631  metric ID: 0, number of metrics: 1, values: 0
METRIC                             2       53059759445946  metric ID: 0, number of metrics: 1, values: 0
METRIC                             2       53059759448805  metric ID: 0, number of metrics: 1, values: 0
METRIC                             1       53059856601093  metric ID: 0, number of metrics: 1, values: 0
METRIC                             2       53059859949342  metric ID: 0, number of metrics: 1, values: 0
METRIC                             0       53059863172698  metric ID: 0, number of metrics: 1, values: 0
METRIC                             3       53059867817184  metric ID: 0, number of metrics: 1, values: 0
METRIC                             2       53059867865565  metric ID: 0, number of metrics: 1, values: 0
METRIC                             0       53059867872093  metric ID: 0, number of metrics: 1, values: 0
METRIC                             3       53059867876680  metric ID: 0, number of metrics: 1, values: 0
METRIC                             2       53059867876734  metric ID: 0, number of metrics: 1, values: 0
METRIC                             2       53059867881588  metric ID: 0, number of metrics: 1, values: 0
METRIC                             1       53059867881723  metric ID: 0, number of metrics: 1, values: 0
METRIC                             0       53059867882143  metric ID: 0, number of metrics: 1, values: 0
METRIC                             3       53059867882776  metric ID: 0, number of metrics: 1, values: 0
METRIC                             0       53059867886796  metric ID: 0, number of metrics: 1, values: 0
METRIC                             3       53059867886871  metric ID: 0, number of metrics: 1, values: 0
METRIC                             2       53059867894389  metric ID: 0, number of metrics: 1, values: 0
METRIC                             2       53059867897512  metric ID: 0, number of metrics: 1, values: 0
METRIC                             0       53059867897743  metric ID: 0, number of metrics: 1, values: 0
METRIC                             3       53059867897959  metric ID: 0, number of metrics: 1, values: 0
METRIC                             1       53059867898397  metric ID: 0, number of metrics: 1, values: 0
METRIC                             1       53059867903056  metric ID: 0, number of metrics: 1, values: 0
METRIC                             2       53059867906383  metric ID: 0, number of metrics: 1, values: 0
METRIC                             1       53059867915308  metric ID: 0, number of metrics: 1, values: 0
METRIC                             1       53059867918836  metric ID: 0, number of metrics: 1, values: 0
METRIC                             1       53059867928787  metric ID: 0, number of metrics: 1, values: 0
METRIC                             1       53059889505897  metric ID: 0, number of metrics: 1, values: 0
METRIC                             3       53059889683389  metric ID: 0, number of metrics: 1, values: 0
METRIC                             0       53059890105777  metric ID: 0, number of metrics: 1, values: 0
METRIC                             0       53059890189039  metric ID: 0, number of metrics: 1, values: 0
METRIC                             1       53059890189930  metric ID: 0, number of metrics: 1, values: 0
METRIC                             0       53059890194514  metric ID: 0, number of metrics: 1, values: 0
METRIC                             1       53059890195117  metric ID: 0, number of metrics: 1, values: 0
METRIC                             0       53059890207177  metric ID: 0, number of metrics: 1, values: 0
METRIC                             0       53059890211974  metric ID: 0, number of metrics: 1, values: 0
METRIC                             2       53059890469284  metric ID: 0, number of metrics: 1, values: 0
METRIC                             3       53059890567516  metric ID: 0, number of metrics: 1, values: 0
METRIC                             1       53059890569946  metric ID: 0, number of metrics: 1, values: 0
METRIC                             2       53059890571518  metric ID: 0, number of metrics: 1, values: 0
METRIC                             3       53059890572844  metric ID: 0, number of metrics: 1, values: 0
METRIC                             2       53059890575682  metric ID: 0, number of metrics: 1, values: 0
METRIC                             1       53059890575850  metric ID: 0, number of metrics: 1, values: 0
METRIC                             1       53059890586104  metric ID: 0, number of metrics: 1, values: 0
METRIC                             1       53059890590685  metric ID: 0, number of metrics: 1, values: 0
METRIC                             2       53059890600084  metric ID: 0, number of metrics: 1, values: 0
METRIC                             3       53059890601710  metric ID: 0, number of metrics: 1, values: 0
METRIC                             2       53059890603483  metric ID: 0, number of metrics: 1, values: 0
METRIC                             3       53059890606915  metric ID: 0, number of metrics: 1, values: 0
METRIC                             2       53059890609420  metric ID: 0, number of metrics: 1, values: 0
METRIC                             2       53059890612411  metric ID: 0, number of metrics: 1, values: 0
METRIC                             1       53059987485897  metric ID: 0, number of metrics: 1, values: 0
METRIC                             3       53059989309561  metric ID: 0, number of metrics: 1, values: 0
METRIC                             2       53059991184387  metric ID: 0, number of metrics: 1, values: 0
METRIC                             0       53060001523260  metric ID: 0, number of metrics: 1, values: 0
METRIC                             1       53060001588552  metric ID: 0, number of metrics: 1, values: 0
METRIC                             0       53060001592155  metric ID: 0, number of metrics: 1, values: 0
METRIC                             2       53060001592776  metric ID: 0, number of metrics: 1, values: 0
METRIC                             0       53060001600642  metric ID: 0, number of metrics: 1, values: 0
METRIC                             2       53060001603462  metric ID: 0, number of metrics: 1, values: 0
METRIC                             0       53060001607170  metric ID: 0, number of metrics: 1, values: 0
METRIC                             2       53060001607698  metric ID: 0, number of metrics: 1, values: 0
METRIC                             3       53060001609258  metric ID: 0, number of metrics: 1, values: 0
METRIC                             1       53060001610119  metric ID: 0, number of metrics: 1, values: 0
METRIC                             1       53060001614727  metric ID: 0, number of metrics: 1, values: 0
METRIC                             0       53060001619941  metric ID: 0, number of metrics: 1, values: 0
METRIC                             2       53060001619953  metric ID: 0, number of metrics: 1, values: 0
METRIC                             2       53060001623448  metric ID: 0, number of metrics: 1, values: 0
METRIC                             3       53060001626226  metric ID: 0, number of metrics: 1, values: 0
METRIC                             1       53060001627444  metric ID: 0, number of metrics: 1, values: 0
METRIC                             1       53060001630975  metric ID: 0, number of metrics: 1, values: 0
METRIC                             3       53060001631560  metric ID: 0, number of metrics: 1, values: 0
METRIC                             2       53060001632895  metric ID: 0, number of metrics: 1, values: 0
METRIC                             1       53060001641505  metric ID: 0, number of metrics: 1, values: 0
METRIC                             3       53060001645366  metric ID: 0, number of metrics: 1, values: 0
METRIC                             2       53060023669755  metric ID: 0, number of metrics: 1, values: 0
METRIC                             1       53060023703589  metric ID: 0, number of metrics: 1, values: 0
METRIC                             2       53060023811442  metric ID: 0, number of metrics: 1, values: 0
METRIC                             2       53060023818810  metric ID: 0, number of metrics: 1, values: 0
METRIC                             0       53060028187116  metric ID: 0, number of metrics: 1, values: 0
METRIC                             0       53060028306678  metric ID: 0, number of metrics: 1, values: 0
METRIC                             1       53060028308247  metric ID: 0, number of metrics: 1, values: 0
METRIC                             0       53060028314571  metric ID: 0, number of metrics: 1, values: 0
METRIC                             1       53060028317358  metric ID: 0, number of metrics: 1, values: 0
METRIC                             0       53060028330636  metric ID: 0, number of metrics: 1, values: 0
METRIC                             0       53060028338394  metric ID: 0, number of metrics: 1, values: 0
METRIC                             1       53060028352197  metric ID: 0, number of metrics: 1, values: 0
METRIC                             1       53060028356298  metric ID: 0, number of metrics: 1, values: 0
METRIC                             1       53060028363132  metric ID: 0, number of metrics: 1, values: 0
METRIC                             1       53060028366579  metric ID: 0, number of metrics: 1, values: 0
METRIC                             3       53060035101885  metric ID: 0, number of metrics: 1, values: 0
METRIC                             3       53060035209999  metric ID: 0, number of metrics: 1, values: 0
METRIC                             2       53060035214037  metric ID: 0, number of metrics: 1, values: 0
METRIC                             3       53060035216080  metric ID: 0, number of metrics: 1, values: 0
METRIC                             2       53060035229055  metric ID: 0, number of metrics: 1, values: 0
METRIC                             3       53060035230000  metric ID: 0, number of metrics: 1, values: 0
METRIC                             3       53060035234698  metric ID: 0, number of metrics: 1, values: 0
METRIC                             2       53060035239867  metric ID: 0, number of metrics: 1, values: 0
METRIC                             2       53060035243239  metric ID: 0, number of metrics: 1, values: 0
METRIC                             1       53060124813765  metric ID: 0, number of metrics: 1, values: 0
METRIC                             3       53060134751088  metric ID: 0, number of metrics: 1, values: 0
METRIC                             0       53060137198845  metric ID: 0, number of metrics: 1, values: 0
METRIC                             2       53060145442047  metric ID: 0, number of metrics: 1, values: 0
METRIC                             3       53060145497742  metric ID: 0, number of metrics: 1, values: 0
METRIC                             1       53060145501198  metric ID: 0, number of metrics: 1, values: 0
METRIC                             0       53060145507147  metric ID: 0, number of metrics: 1, values: 0
METRIC                             2       53060145507855  metric ID: 0, number of metrics: 1, values: 0
METRIC                             2       53060147342235  metric ID: 0, number of metrics: 1, values: 0
METRIC                             0       53060147361804  metric ID: 0, number of metrics: 1, values: 0
METRIC                             3       53060147362794  metric ID: 0, number of metrics: 1, values: 0
METRIC                             2       53060147373540  metric ID: 0, number of metrics: 1, values: 0
METRIC                             1       53060147379570  metric ID: 0, number of metrics: 1, values: 0
METRIC                             3       53060147387001  metric ID: 0, number of metrics: 1, values: 0
METRIC                             0       53060147387064  metric ID: 0, number of metrics: 1, values: 0
METRIC                             1       53060147397105  metric ID: 0, number of metrics: 1, values: 0
METRIC                             1       53060200634832  metric ID: 0, number of metrics: 1, values: 0
METRIC                             1       53060200716732  metric ID: 0, number of metrics: 1, values: 0
METRIC                             1       53060200765962  metric ID: 0, number of metrics: 1, values: 0
METRIC                             1       53060200798644  metric ID: 0, number of metrics: 1, values: 0
METRIC                             1       53060200843554  metric ID: 0, number of metrics: 1, values: 0
METRIC                             1       53060200849680  metric ID: 0, number of metrics: 1, values: 0
METRIC                             3       53060200929087  metric ID: 0, number of metrics: 1, values: 0
METRIC                             3       53060201013255  metric ID: 0, number of metrics: 1, values: 0
METRIC                             3       53060201020044  metric ID: 0, number of metrics: 1, values: 0
METRIC                             3       53060201042973  metric ID: 0, number of metrics: 1, values: 0
METRIC                             3       53060201047056  metric ID: 0, number of metrics: 1, values: 0
METRIC                             3       53060201054073  metric ID: 0, number of metrics: 1, values: 0
METRIC                             0       53060201634252  metric ID: 0, number of metrics: 1, values: 0
METRIC                             1       53060203811487  metric ID: 0, number of metrics: 1, values: 0
METRIC                             3       53060204176632  metric ID: 0, number of metrics: 1, values: 0
METRIC                             2       53060211381876  metric ID: 0, number of metrics: 1, values: 0
METRIC                             2       53060211438372  metric ID: 0, number of metrics: 1, values: 0
METRIC                             2       53060211444906  metric ID: 0, number of metrics: 1, values: 0
METRIC                             0       53060211450096  metric ID: 0, number of metrics: 1, values: 0
METRIC                             0       53060211460965  metric ID: 0, number of metrics: 1, values: 0
METRIC                             2       53060211470130  metric ID: 0, number of metrics: 1, values: 0
METRIC                             2       53060211474408  metric ID: 0, number of metrics: 1, values: 0
METRIC                             2       53060211480882  metric ID: 0, number of metrics: 1, values: 0
METRIC                             0       53060211483258  metric ID: 0, number of metrics: 1, values: 0
METRIC                             0       53060211562014  metric ID: 0, number of metrics: 1, values: 0
METRIC                             0       53060211570051  metric ID: 0, number of metrics: 1, values: 0
METRIC                             0       53060214882450  metric ID: 0, number of metrics: 1, values: 0
METRIC                             2       53060215054650  metric ID: 0, number of metrics: 1, values: 0
METRIC                             3       53060215096596  metric ID: 0, number of metrics: 1, values: 0
METRIC                             1       53060215097580  metric ID: 0, number of metrics: 1, values: 0
METRIC                             3       53060215112874  metric ID: 0, number of metrics: 1, values: 0
METRIC                             2       53060215115688  metric ID: 0, number of metrics: 1, values: 0
METRIC                             0       53060215116318  metric ID: 0, number of metrics: 1, values: 0
METRIC                             1       53060215117488  metric ID: 0, number of metrics: 1, values: 0
METRIC                             3       53060215118493  metric ID: 0, number of metrics: 1, values: 0
METRIC                             1       53060215121328  metric ID: 0, number of metrics: 1, values: 0
METRIC                             2       53060215121340  metric ID: 0, number of metrics: 1, values: 0
METRIC                             0       53060215121457  metric ID: 0, number of metrics: 1, values: 0
METRIC                             0       53060215124883  metric ID: 0, number of metrics: 1, values: 0
METRIC                             2       53060215125078  metric ID: 0, number of metrics: 1, values: 0
