METRIC                               0       97505044454731  Metric: 0, 1 Values: (UINT64; 20001)
METRIC                               0       97505044454731  Metric: 2, 1 Values: (UINT64; 12000)
METRIC                               0       97505044454731  Metric: 4, 1 Values: (UINT64; 13924)
METRIC                               0       97505044466468  Metric: 0, 1 Values: (UINT64; 20001)
METRIC                               0       97505044466468  Metric: 2, 1 Values: (UINT64; 12000)
METRIC                               0       97505044466468  Metric: 4, 1 Values: (UINT64; 13924)
METRIC                               0       97505044554165  Metric: 0, 1 Values: (UINT64; 24001)
METRIC                               0       97505044554165  Metric: 2, 1 Values: (UINT64; 12000)
METRIC                               0       97505044554165  Metric: 4, 1 Values: (UINT64; 13924)
METRIC                               0       97505044559945  Metric: 0, 1 Values: (UINT64; 24001)
METRIC                               0       97505044559945  Metric: 2, 1 Values: (UINT64; 12000)
METRIC                               0       97505044559945  Metric: 4, 1 Values: (UINT64; 13924)
METRIC                               0       97505044614772  Metric: 0, 1 Values: (UINT64; 24001)
METRIC                               0       97505044614772  Metric: 2, 1 Values: (UINT64; 12000)
METRIC                               0       97505044614772  Metric: 4, 1 Values: (UINT64; 13924)
METRIC                               0       97505044618357  Metric: 0, 1 Values: (UINT64; 24001)
METRIC                               0       97505044618357  Metric: 2, 1 Values: (UINT64; 12000)
METRIC                               0       97505044618357  Metric: 4, 1 Values: (UINT64; 13924)
METRIC                               0       97505072969771  Metric: 0, 1 Values: (UINT64; 32002)
METRIC                               0       97505072969771  Metric: 2, 1 Values: (UINT64; 28001)
METRIC                               0       97505072969771  Metric: 4, 1 Values: (UINT64; 74536)
METRIC                               0       97505073169358  Metric: 0, 1 Values: (UINT64; 32002)
METRIC                               0       97505073169358  Metric: 2, 1 Values: (UINT64; 28001)
METRIC                               0       97505073169358  Metric: 4, 1 Values: (UINT64; 74800)
METRIC                               0       97505073173006  Metric: 0, 1 Values: (UINT64; 32002)
METRIC                               0       97505073173006  Metric: 2, 1 Values: (UINT64; 28001)
METRIC                               0       97505073173006  Metric: 4, 1 Values: (UINT64; 74800)
METRIC                               0       97505073176379  Metric: 0, 1 Values: (UINT64; 32002)
METRIC                               0       97505073176379  Metric: 2, 1 Values: (UINT64; 28001)
METRIC                               0       97505073176379  Metric: 4, 1 Values: (UINT64; 74800)
METRIC                               0       97505073211016  Metric: 0, 1 Values: (UINT64; 32002)
METRIC                               0       97505073211016  Metric: 2, 1 Values: (UINT64; 28001)
METRIC                               0       97505073211016  Metric: 4, 1 Values: (UINT64; 74800)
METRIC                               0       97505073233177  Metric: 0, 1 Values: (UINT64; 32002)
METRIC                               0       97505073233177  Metric: 2, 1 Values: (UINT64; 28001)
METRIC                               0       97505073233177  Metric: 4, 1 Values: (UINT64; 74800)
METRIC                               0       97505073257476  Metric: 0, 1 Values: (UINT64; 32002)
METRIC                               0       97505073257476  Metric: 2, 1 Values: (UINT64; 28001)
METRIC                               0       97505073257476  Metric: 4, 1 Values: (UINT64; 74800)
METRIC                               0       97505073270593  Metric: 0, 1 Values: (UINT64; 32002)
METRIC                               0       97505073270593  Metric: 2, 1 Values: (UINT64; 28001)
METRIC                               0       97505073270593  Metric: 4, 1 Values: (UINT64; 74800)
METRIC                               0       97505073312478  Metric: 0, 1 Values: (UINT64; 32002)
METRIC                               0       97505073312478  Metric: 2, 1 Values: (UINT64; 28001)
METRIC                               0       97505073312478  Metric: 4, 1 Values: (UINT64; 74800)
METRIC                               0       97505073317152  Metric: 0, 1 Values: (UINT64; 32002)
METRIC                               0       97505073317152  Metric: 2, 1 Values: (UINT64; 28001)
METRIC                               0       97505073317152  Metric: 4, 1 Values: (UINT64; 74800)
METRIC                               0       97505084415946  Metric: 0, 1 Values: (UINT64; 32002)
METRIC                               0       97505084415946  Metric: 2, 1 Values: (UINT64; 40002)
METRIC                               0       97505084415946  Metric: 4, 1 Values: (UINT64; 105952)
METRIC                               0       97505084426921  Metric: 0, 1 Values: (UINT64; 32002)
METRIC                               0       97505084426921  Metric: 2, 1 Values: (UINT64; 40002)
METRIC                               0       97505084426921  Metric: 4, 1 Values: (UINT64; 105952)
METRIC                               0       97505084428415  Metric: 0, 1 Values: (UINT64; 32002)
METRIC                               0       97505084428415  Metric: 2, 1 Values: (UINT64; 40002)
METRIC                               0       97505084428415  Metric: 4, 1 Values: (UINT64; 105952)
METRIC                               0       97505084430125  Metric: 0, 1 Values: (UINT64; 32002)
METRIC                               0       97505084430125  Metric: 2, 1 Values: (UINT64; 40002)
METRIC                               0       97505084430125  Metric: 4, 1 Values: (UINT64; 105952)
METRIC                               0       97505108598113  Metric: 0, 1 Values: (UINT64; 56003)
METRIC                               0       97505108598113  Metric: 2, 1 Values: (UINT64; 40002)
METRIC                               0       97505108598113  Metric: 4, 1 Values: (UINT64; 105952)
METRIC                               0       97505108668381  Metric: 0, 1 Values: (UINT64; 56003)
METRIC                               0       97505108668381  Metric: 2, 1 Values: (UINT64; 40002)
METRIC                               0       97505108668381  Metric: 4, 1 Values: (UINT64; 105952)
METRIC                               0       97505108669438  Metric: 0, 1 Values: (UINT64; 56003)
METRIC                               0       97505108669438  Metric: 2, 1 Values: (UINT64; 40002)
METRIC                               0       97505108669438  Metric: 4, 1 Values: (UINT64; 105952)
METRIC                               0       97505108670396  Metric: 0, 1 Values: (UINT64; 56003)
METRIC                               0       97505108670396  Metric: 2, 1 Values: (UINT64; 40002)
METRIC                               0       97505108670396  Metric: 4, 1 Values: (UINT64; 105952)
METRIC                               0       97505108671605  Metric: 0, 1 Values: (UINT64; 56003)
METRIC                               0       97505108671605  Metric: 2, 1 Values: (UINT64; 40002)
METRIC                               0       97505108671605  Metric: 4, 1 Values: (UINT64; 105952)
METRIC                               0       97505108672425  Metric: 0, 1 Values: (UINT64; 56003)
METRIC                               0       97505108672425  Metric: 2, 1 Values: (UINT64; 40002)
METRIC                               0       97505108672425  Metric: 4, 1 Values: (UINT64; 105952)
METRIC                               0       97505108679816  Metric: 0, 1 Values: (UINT64; 56003)
METRIC                               0       97505108679816  Metric: 2, 1 Values: (UINT64; 40002)
METRIC                               0       97505108679816  Metric: 4, 1 Values: (UINT64; 105952)
METRIC                               0       97505108680724  Metric: 0, 1 Values: (UINT64; 56003)
METRIC                               0       97505108680724  Metric: 2, 1 Values: (UINT64; 40002)
METRIC                               0       97505108680724  Metric: 4, 1 Values: (UINT64; 105952)
METRIC                               0       97505114057749  Metric: 0, 1 Values: (UINT64; 60003)
METRIC                               0       97505114057749  Metric: 2, 1 Values: (UINT64; 40002)
METRIC                               0       97505114057749  Metric: 4, 1 Values: (UINT64; 105952)
METRIC                               0       97505114387098  Metric: 0, 1 Values: (UINT64; 60003)
METRIC                               0       97505114387098  Metric: 2, 1 Values: (UINT64; 40002)
METRIC                               0       97505114387098  Metric: 4, 1 Values: (UINT64; 105952)
METRIC                               0       97505114388763  Metric: 0, 1 Values: (UINT64; 60003)
METRIC                               0       97505114388763  Metric: 2, 1 Values: (UINT64; 40002)
METRIC                               0       97505114388763  Metric: 4, 1 Values: (UINT64; 105952)
METRIC                               0       97505114389571  Metric: 0, 1 Values: (UINT64; 60003)
METRIC                               0       97505114389571  Metric: 2, 1 Values: (UINT64; 40002)
METRIC                               0       97505114389571  Metric: 4, 1 Values: (UINT64; 105952)
METRIC                               0       97505130159552  Metric: 0, 1 Values: (UINT64; 76004)
METRIC                               0       97505130159552  Metric: 2, 1 Values: (UINT64; 40002)
METRIC                               0       97505130159552  Metric: 4, 1 Values: (UINT64; 105952)
METRIC                               0       97505130246486  Metric: 0, 1 Values: (UINT64; 76004)
METRIC                               0       97505130246486  Metric: 2, 1 Values: (UINT64; 40002)
METRIC                               0       97505130246486  Metric: 4, 1 Values: (UINT64; 105952)
METRIC                               0       97505130247703  Metric: 0, 1 Values: (UINT64; 76004)
METRIC                               0       97505130247703  Metric: 2, 1 Values: (UINT64; 40002)
METRIC                               0       97505130247703  Metric: 4, 1 Values: (UINT64; 105952)
METRIC                               0       97505130248575  Metric: 0, 1 Values: (UINT64; 76004)
METRIC                               0       97505130248575  Metric: 2, 1 Values: (UINT64; 40002)
METRIC                               0       97505130248575  Metric: 4, 1 Values: (UINT64; 105952)
METRIC                               0       97505130249792  Metric: 0, 1 Values: (UINT64; 76004)
METRIC                               0       97505130249792  Metric: 2, 1 Values: (UINT64; 40002)
METRIC                               0       97505130249792  Metric: 4, 1 Values: (UINT64; 105952)
METRIC                               0       97505130250523  Metric: 0, 1 Values: (UINT64; 76004)
METRIC                               0       97505130250523  Metric: 2, 1 Values: (UINT64; 40002)
METRIC                               0       97505130250523  Metric: 4, 1 Values: (UINT64; 105952)
METRIC                               0       97505130257731  Metric: 0, 1 Values: (UINT64; 76004)
METRIC                               0       97505130257731  Metric: 2, 1 Values: (UINT64; 40002)
METRIC                               0       97505130257731  Metric: 4, 1 Values: (UINT64; 105952)
METRIC                               0       97505130258611  Metric: 0, 1 Values: (UINT64; 76004)
METRIC                               0       97505130258611  Metric: 2, 1 Values: (UINT64; 40002)
METRIC                               0       97505130258611  Metric: 4, 1 Values: (UINT64; 105952)
METRIC                               0       97505135741674  Metric: 0, 1 Values: (UINT64; 84005)
METRIC                               0       97505135741674  Metric: 2, 1 Values: (UINT64; 40002)
METRIC                               0       97505135741674  Metric: 4, 1 Values: (UINT64; 105952)
METRIC                               0       97505135748489  Metric: 0, 1 Values: (UINT64; 84005)
METRIC                               0       97505135748489  Metric: 2, 1 Values: (UINT64; 40002)
METRIC                               0       97505135748489  Metric: 4, 1 Values: (UINT64; 105952)
METRIC                               0       97505135749324  Metric: 0, 1 Values: (UINT64; 84005)
METRIC                               0       97505135749324  Metric: 2, 1 Values: (UINT64; 40002)
METRIC                               0       97505135749324  Metric: 4, 1 Values: (UINT64; 105952)
METRIC                               0       97505135750048  Metric: 0, 1 Values: (UINT64; 84005)
METRIC                               0       97505135750048  Metric: 2, 1 Values: (UINT64; 40002)
METRIC                               0       97505135750048  Metric: 4, 1 Values: (UINT64; 105952)
METRIC                               0       97505151509021  Metric: 0, 1 Values: (UINT64; 100006)
METRIC                               0       97505151509021  Metric: 2, 1 Values: (UINT64; 40002)
METRIC                               0       97505151509021  Metric: 4, 1 Values: (UINT64; 105952)
METRIC                               0       97505151515020  Metric: 0, 1 Values: (UINT64; 100006)
METRIC                               0       97505151515020  Metric: 2, 1 Values: (UINT64; 40002)
METRIC                               0       97505151515020  Metric: 4, 1 Values: (UINT64; 105952)
METRIC                               0       97505151515800  Metric: 0, 1 Values: (UINT64; 100006)
METRIC                               0       97505151515800  Metric: 2, 1 Values: (UINT64; 40002)
METRIC                               0       97505151515800  Metric: 4, 1 Values: (UINT64; 105952)
METRIC                               0       97505151516556  Metric: 0, 1 Values: (UINT64; 100006)
METRIC                               0       97505151516556  Metric: 2, 1 Values: (UINT64; 40002)
METRIC                               0       97505151516556  Metric: 4, 1 Values: (UINT64; 105952)
METRIC                               0       97505151517400  Metric: 0, 1 Values: (UINT64; 100006)
METRIC                               0       97505151517400  Metric: 2, 1 Values: (UINT64; 40002)
METRIC                               0       97505151517400  Metric: 4, 1 Values: (UINT64; 105952)
METRIC                               0       97505151518114  Metric: 0, 1 Values: (UINT64; 100006)
METRIC                               0       97505151518114  Metric: 2, 1 Values: (UINT64; 40002)
METRIC                               0       97505151518114  Metric: 4, 1 Values: (UINT64; 105952)
METRIC                               0       97505151525525  Metric: 0, 1 Values: (UINT64; 100006)
METRIC                               0       97505151525525  Metric: 2, 1 Values: (UINT64; 40002)
METRIC                               0       97505151525525  Metric: 4, 1 Values: (UINT64; 105952)
METRIC                               0       97505151526459  Metric: 0, 1 Values: (UINT64; 100006)
METRIC                               0       97505151526459  Metric: 2, 1 Values: (UINT64; 40002)
METRIC                               0       97505151526459  Metric: 4, 1 Values: (UINT64; 105952)
METRIC                               0       97505156980131  Metric: 0, 1 Values: (UINT64; 104006)
METRIC                               0       97505156980131  Metric: 2, 1 Values: (UINT64; 40002)
METRIC                               0       97505156980131  Metric: 4, 1 Values: (UINT64; 105952)
METRIC                               0       97505157010515  Metric: 0, 1 Values: (UINT64; 104006)
METRIC                               0       97505157010515  Metric: 2, 1 Values: (UINT64; 40002)
METRIC                               0       97505157010515  Metric: 4, 1 Values: (UINT64; 105952)
METRIC                               0       97505157011908  Metric: 0, 1 Values: (UINT64; 104006)
METRIC                               0       97505157011908  Metric: 2, 1 Values: (UINT64; 40002)
METRIC                               0       97505157011908  Metric: 4, 1 Values: (UINT64; 105952)
METRIC                               0       97505157012792  Metric: 0, 1 Values: (UINT64; 104006)
METRIC                               0       97505157012792  Metric: 2, 1 Values: (UINT64; 40002)
METRIC                               0       97505157012792  Metric: 4, 1 Values: (UINT64; 105952)
METRIC                               0       97505172872058  Metric: 0, 1 Values: (UINT64; 120007)
METRIC                               0       97505172872058  Metric: 2, 1 Values: (UINT64; 40002)
METRIC                               0       97505172872058  Metric: 4, 1 Values: (UINT64; 105952)
METRIC                               0       97505173050469  Metric: 0, 1 Values: (UINT64; 120007)
METRIC                               0       97505173050469  Metric: 2, 1 Values: (UINT64; 40002)
METRIC                               0       97505173050469  Metric: 4, 1 Values: (UINT64; 105952)
METRIC                               0       97505173051627  Metric: 0, 1 Values: (UINT64; 120007)
METRIC                               0       97505173051627  Metric: 2, 1 Values: (UINT64; 40002)
METRIC                               0       97505173051627  Metric: 4, 1 Values: (UINT64; 105952)
METRIC                               0       97505173052552  Metric: 0, 1 Values: (UINT64; 120007)
METRIC                               0       97505173052552  Metric: 2, 1 Values: (UINT64; 40002)
METRIC                               0       97505173052552  Metric: 4, 1 Values: (UINT64; 105952)
METRIC                               0       97505173053936  Metric: 0, 1 Values: (UINT64; 120007)
METRIC                               0       97505173053936  Metric: 2, 1 Values: (UINT64; 40002)
METRIC                               0       97505173053936  Metric: 4, 1 Values: (UINT64; 105952)
METRIC                               0       97505173054655  Metric: 0, 1 Values: (UINT64; 120007)
METRIC                               0       97505173054655  Metric: 2, 1 Values: (UINT64; 40002)
METRIC                               0       97505173054655  Metric: 4, 1 Values: (UINT64; 105952)
METRIC                               0       97505173061905  Metric: 0, 1 Values: (UINT64; 120007)
METRIC                               0       97505173061905  Metric: 2, 1 Values: (UINT64; 40002)
METRIC                               0       97505173061905  Metric: 4, 1 Values: (UINT64; 105952)
METRIC                               0       97505173062884  Metric: 0, 1 Values: (UINT64; 120007)
METRIC                               0       97505173062884  Metric: 2, 1 Values: (UINT64; 40002)
METRIC                               0       97505173062884  Metric: 4, 1 Values: (UINT64; 105952)
METRIC                               0       97505178526902  Metric: 0, 1 Values: (UINT64; 124007)
METRIC                               0       97505178526902  Metric: 2, 1 Values: (UINT64; 40002)
METRIC                               0       97505178526902  Metric: 4, 1 Values: (UINT64; 105952)
METRIC                               0       97505178568426  Metric: 0, 1 Values: (UINT64; 128008)
METRIC                               0       97505178568426  Metric: 2, 1 Values: (UINT64; 40002)
METRIC                               0       97505178568426  Metric: 4, 1 Values: (UINT64; 105952)
METRIC                               0       97505178570075  Metric: 0, 1 Values: (UINT64; 128008)
METRIC                               0       97505178570075  Metric: 2, 1 Values: (UINT64; 40002)
METRIC                               0       97505178570075  Metric: 4, 1 Values: (UINT64; 105952)
METRIC                               0       97505178571094  Metric: 0, 1 Values: (UINT64; 128008)
METRIC                               0       97505178571094  Metric: 2, 1 Values: (UINT64; 40002)
METRIC                               0       97505178571094  Metric: 4, 1 Values: (UINT64; 105952)
METRIC                               0       97505194311899  Metric: 0, 1 Values: (UINT64; 140008)
METRIC                               0       97505194311899  Metric: 2, 1 Values: (UINT64; 40002)
METRIC                               0       97505194311899  Metric: 4, 1 Values: (UINT64; 105952)
METRIC                               0       97505194567779  Metric: 0, 1 Values: (UINT64; 144009)
METRIC                               0       97505194567779  Metric: 2, 1 Values: (UINT64; 40002)
METRIC                               0       97505194567779  Metric: 4, 1 Values: (UINT64; 105952)
METRIC                               0       97505194569142  Metric: 0, 1 Values: (UINT64; 144009)
METRIC                               0       97505194569142  Metric: 2, 1 Values: (UINT64; 40002)
METRIC                               0       97505194569142  Metric: 4, 1 Values: (UINT64; 105952)
METRIC                               0       97505194569980  Metric: 0, 1 Values: (UINT64; 144009)
METRIC                               0       97505194569980  Metric: 2, 1 Values: (UINT64; 40002)
METRIC                               0       97505194569980  Metric: 4, 1 Values: (UINT64; 105952)
METRIC                               0       97505194571114  Metric: 0, 1 Values: (UINT64; 144009)
METRIC                               0       97505194571114  Metric: 2, 1 Values: (UINT64; 40002)
METRIC                               0       97505194571114  Metric: 4, 1 Values: (UINT64; 105952)
METRIC                               0       97505194571901  Metric: 0, 1 Values: (UINT64; 144009)
METRIC                               0       97505194571901  Metric: 2, 1 Values: (UINT64; 40002)
METRIC                               0       97505194571901  Metric: 4, 1 Values: (UINT64; 105952)
METRIC                               0       97505196286015  Metric: 0, 1 Values: (UINT64; 144009)
METRIC                               0       97505196286015  Metric: 2, 1 Values: (UINT64; 40002)
METRIC                               0       97505196286015  Metric: 4, 1 Values: (UINT64; 105952)
METRIC                               0       97505196290092  Metric: 0, 1 Values: (UINT64; 144009)
METRIC                               0       97505196290092  Metric: 2, 1 Values: (UINT64; 40002)
METRIC                               0       97505196290092  Metric: 4, 1 Values: (UINT64; 105952)
METRIC                               0       97505196291768  Metric: 0, 1 Values: (UINT64; 144009)
METRIC                               0       97505196291768  Metric: 2, 1 Values: (UINT64; 40002)
METRIC                               0       97505196291768  Metric: 4, 1 Values: (UINT64; 105952)
METRIC                               0       97505196305060  Metric: 0, 1 Values: (UINT64; 144009)
METRIC                               0       97505196305060  Metric: 2, 1 Values: (UINT64; 40002)
METRIC                               0       97505196305060  Metric: 4, 1 Values: (UINT64; 105952)
METRIC                               0       97505235905213  Metric: 0, 1 Values: (UINT64; 184011)
METRIC                               0       97505235905213  Metric: 2, 1 Values: (UINT64; 40002)
METRIC                               0       97505235905213  Metric: 4, 1 Values: (UINT64; 105952)
METRIC                               0       97505235919554  Metric: 0, 1 Values: (UINT64; 184011)
METRIC                               0       97505235919554  Metric: 2, 1 Values: (UINT64; 40002)
METRIC                               0       97505235919554  Metric: 4, 1 Values: (UINT64; 105952)
METRIC                               0       97505236004757  Metric: 0, 1 Values: (UINT64; 184011)
METRIC                               0       97505236004757  Metric: 2, 1 Values: (UINT64; 40002)
METRIC                               0       97505236004757  Metric: 4, 1 Values: (UINT64; 105952)
METRIC                               0       97505236007904  Metric: 0, 1 Values: (UINT64; 184011)
METRIC                               0       97505236007904  Metric: 2, 1 Values: (UINT64; 40002)
METRIC                               0       97505236007904  Metric: 4, 1 Values: (UINT64; 105952)
METRIC                               0       97505240178368  Metric: 0, 1 Values: (UINT64; 184011)
METRIC                               0       97505240178368  Metric: 2, 1 Values: (UINT64; 44002)
METRIC                               0       97505240178368  Metric: 4, 1 Values: (UINT64; 105952)
METRIC                               0       97505240187925  Metric: 0, 1 Values: (UINT64; 184011)
METRIC                               0       97505240187925  Metric: 2, 1 Values: (UINT64; 44002)
METRIC                               0       97505240187925  Metric: 4, 1 Values: (UINT64; 105952)
