METRIC                             0       54820678643565  metric ID: 0, number of metrics: 2, values: 10000 10000
METRIC                             0       54820678682637  metric ID: 0, number of metrics: 2, values: 10000 10000
METRIC                             0       54820678803531  metric ID: 0, number of metrics: 2, values: 10000 10000
METRIC                             0       54820678815612  metric ID: 0, number of metrics: 2, values: 10000 10000
METRIC                             0       54820723649157  metric ID: 0, number of metrics: 2, values: 30000 10000
METRIC                    8589934592       54820723649166  metric ID: 0, number of metrics: 2, values: 0 0
METRIC                   12884901888       54820723649337  metric ID: 0, number of metrics: 2, values: 10000 0
METRIC                             0       54820723661922  metric ID: 0, number of metrics: 2, values: 30000 10000
METRIC                    4294967296       54820723663263  metric ID: 0, number of metrics: 2, values: 10000 0
METRIC                    8589934592       54820723715652  metric ID: 0, number of metrics: 2, values: 0 0
METRIC                    4294967296       54820723800732  metric ID: 0, number of metrics: 2, values: 10000 0
METRIC                   12884901888       54820723834248  metric ID: 0, number of metrics: 2, values: 10000 0
METRIC                             0       54820804861446  metric ID: 0, number of metrics: 2, values: 60000 10000
METRIC                    4294967296       54820805276334  metric ID: 0, number of metrics: 2, values: 30000 10000
METRIC                    8589934592       54820806992610  metric ID: 0, number of metrics: 2, values: 10000 10000
METRIC                   12884901888       54820827501171  metric ID: 0, number of metrics: 2, values: 30000 0
METRIC                             0       54820827524799  metric ID: 0, number of metrics: 2, values: 60000 10000
METRIC                    8589934592       54820827525312  metric ID: 0, number of metrics: 2, values: 20000 10000
METRIC                    4294967296       54820827525762  metric ID: 0, number of metrics: 2, values: 30000 10000
METRIC                   12884901888       54820827526275  metric ID: 0, number of metrics: 2, values: 30000 0
METRIC                   12884901888       54820827529872  metric ID: 0, number of metrics: 2, values: 30000 0
METRIC                   12884901888       54820827532458  metric ID: 0, number of metrics: 2, values: 30000 0
METRIC                             0       54820827532467  metric ID: 0, number of metrics: 2, values: 60000 10000
METRIC                    8589934592       54820827532539  metric ID: 0, number of metrics: 2, values: 20000 10000
METRIC                    4294967296       54820827533418  metric ID: 0, number of metrics: 2, values: 30000 10000
METRIC                    8589934592       54820827534594  metric ID: 0, number of metrics: 2, values: 20000 10000
METRIC                             0       54820827534675  metric ID: 0, number of metrics: 2, values: 60000 10000
METRIC                    4294967296       54820827535470  metric ID: 0, number of metrics: 2, values: 30000 10000
METRIC                             0       54820827605172  metric ID: 0, number of metrics: 2, values: 60000 10000
METRIC                             0       54820827621936  metric ID: 0, number of metrics: 2, values: 60000 10000
METRIC                             0       54820827646920  metric ID: 0, number of metrics: 2, values: 60000 10000
METRIC                             0       54820827659604  metric ID: 0, number of metrics: 2, values: 60000 10000
METRIC                   12884901888       54820827696417  metric ID: 0, number of metrics: 2, values: 30000 0
METRIC                    8589934592       54820827696435  metric ID: 0, number of metrics: 2, values: 20000 10000
METRIC                    4294967296       54820827696447  metric ID: 0, number of metrics: 2, values: 30000 10000
METRIC                             0       54820827697077  metric ID: 0, number of metrics: 2, values: 60000 10000
METRIC                   12884901888       54820827699837  metric ID: 0, number of metrics: 2, values: 30000 0
METRIC                    8589934592       54820827699849  metric ID: 0, number of metrics: 2, values: 20000 10000
METRIC                    4294967296       54820827699879  metric ID: 0, number of metrics: 2, values: 30000 10000
METRIC                             0       54820827699903  metric ID: 0, number of metrics: 2, values: 60000 10000
METRIC                             0       54820865076963  metric ID: 0, number of metrics: 2, values: 80000 10000
METRIC                    4294967296       54820865388597  metric ID: 0, number of metrics: 2, values: 50000 10000
METRIC                    8589934592       54820865835090  metric ID: 0, number of metrics: 2, values: 20000 20000
METRIC                   12884901888       54820885166061  metric ID: 0, number of metrics: 2, values: 50000 0
METRIC                    8589934592       54820885194366  metric ID: 0, number of metrics: 2, values: 30000 20000
METRIC                             0       54820885194390  metric ID: 0, number of metrics: 2, values: 90000 10000
METRIC                    4294967296       54820885195071  metric ID: 0, number of metrics: 2, values: 60000 10000
METRIC                   12884901888       54820885196697  metric ID: 0, number of metrics: 2, values: 50000 0
METRIC                   12884901888       54820885199478  metric ID: 0, number of metrics: 2, values: 50000 0
METRIC                             0       54820885201395  metric ID: 0, number of metrics: 2, values: 90000 10000
METRIC                    8589934592       54820885201404  metric ID: 0, number of metrics: 2, values: 30000 20000
METRIC                    4294967296       54820885201911  metric ID: 0, number of metrics: 2, values: 60000 10000
METRIC                   12884901888       54820885202316  metric ID: 0, number of metrics: 2, values: 50000 0
METRIC                    8589934592       54820885203519  metric ID: 0, number of metrics: 2, values: 30000 20000
METRIC                             0       54820885203573  metric ID: 0, number of metrics: 2, values: 90000 10000
METRIC                    4294967296       54820885203933  metric ID: 0, number of metrics: 2, values: 60000 10000
METRIC                             0       54821011370790  metric ID: 0, number of metrics: 2, values: 130000 10000
METRIC                   12884901888       54821012183196  metric ID: 0, number of metrics: 2, values: 90000 0
METRIC                    8589934592       54821013902784  metric ID: 0, number of metrics: 2, values: 80000 20000
METRIC                    4294967296       54821014226868  metric ID: 0, number of metrics: 2, values: 100000 10000
METRIC                             0       54821014236411  metric ID: 0, number of metrics: 2, values: 130000 10000
METRIC                    8589934592       54821014236456  metric ID: 0, number of metrics: 2, values: 80000 20000
METRIC                   12884901888       54821014236468  metric ID: 0, number of metrics: 2, values: 90000 0
METRIC                    4294967296       54821014239057  metric ID: 0, number of metrics: 2, values: 100000 10000
METRIC                    8589934592       54821014239243  metric ID: 0, number of metrics: 2, values: 80000 20000
METRIC                   12884901888       54821014239255  metric ID: 0, number of metrics: 2, values: 90000 0
METRIC                             0       54821014239297  metric ID: 0, number of metrics: 2, values: 130000 10000
METRIC                    4294967296       54821014241232  metric ID: 0, number of metrics: 2, values: 100000 10000
METRIC                   12884901888       54821014241706  metric ID: 0, number of metrics: 2, values: 90000 0
METRIC                             0       54821014241787  metric ID: 0, number of metrics: 2, values: 130000 10000
METRIC                    8589934592       54821014241823  metric ID: 0, number of metrics: 2, values: 80000 20000
METRIC                    4294967296       54821014243332  metric ID: 0, number of metrics: 2, values: 100000 10000
METRIC                    8589934592       54821014245531  metric ID: 0, number of metrics: 2, values: 80000 20000
METRIC                             0       54821014245615  metric ID: 0, number of metrics: 2, values: 130000 10000
METRIC                   12884901888       54821014245630  metric ID: 0, number of metrics: 2, values: 90000 0
METRIC                    4294967296       54821014245891  metric ID: 0, number of metrics: 2, values: 100000 10000
METRIC                   12884901888       54821014247943  metric ID: 0, number of metrics: 2, values: 90000 0
METRIC                    8589934592       54821014247967  metric ID: 0, number of metrics: 2, values: 80000 20000
METRIC                             0       54821014247991  metric ID: 0, number of metrics: 2, values: 130000 10000
METRIC                    4294967296       54821014248174  metric ID: 0, number of metrics: 2, values: 100000 10000
METRIC                    8589934592       54821014311735  metric ID: 0, number of metrics: 2, values: 80000 20000
METRIC                   12884901888       54821014311744  metric ID: 0, number of metrics: 2, values: 90000 0
METRIC                    4294967296       54821014311762  metric ID: 0, number of metrics: 2, values: 100000 10000
METRIC                             0       54821014312164  metric ID: 0, number of metrics: 2, values: 130000 10000
METRIC                   12884901888       54821014314570  metric ID: 0, number of metrics: 2, values: 90000 0
METRIC                    8589934592       54821014314579  metric ID: 0, number of metrics: 2, values: 80000 20000
METRIC                    4294967296       54821014314870  metric ID: 0, number of metrics: 2, values: 100000 10000
METRIC                             0       54821014314894  metric ID: 0, number of metrics: 2, values: 130000 10000
METRIC                             0       54821043756777  metric ID: 0, number of metrics: 2, values: 140000 10000
METRIC                    4294967296       54821043917349  metric ID: 0, number of metrics: 2, values: 110000 10000
METRIC                   12884901888       54821044115154  metric ID: 0, number of metrics: 2, values: 100000 0
METRIC                    8589934592       54821044706208  metric ID: 0, number of metrics: 2, values: 90000 20000
METRIC                   12884901888       54821044714596  metric ID: 0, number of metrics: 2, values: 100000 0
METRIC                    4294967296       54821044714683  metric ID: 0, number of metrics: 2, values: 110000 10000
METRIC                             0       54821044714716  metric ID: 0, number of metrics: 2, values: 140000 10000
METRIC                   12884901888       54821044717713  metric ID: 0, number of metrics: 2, values: 100000 0
METRIC                    4294967296       54821044717719  metric ID: 0, number of metrics: 2, values: 110000 10000
METRIC                             0       54821044717728  metric ID: 0, number of metrics: 2, values: 140000 10000
METRIC                    8589934592       54821044717740  metric ID: 0, number of metrics: 2, values: 90000 20000
METRIC                    8589934592       54821044719870  metric ID: 0, number of metrics: 2, values: 90000 20000
METRIC                             0       54821044720599  metric ID: 0, number of metrics: 2, values: 140000 10000
METRIC                    4294967296       54821044720626  metric ID: 0, number of metrics: 2, values: 110000 10000
METRIC                   12884901888       54821044720629  metric ID: 0, number of metrics: 2, values: 100000 0
METRIC                    8589934592       54821044721772  metric ID: 0, number of metrics: 2, values: 90000 20000
METRIC                             0       54821170322520  metric ID: 0, number of metrics: 2, values: 190000 10000
METRIC                    8589934592       54821172805977  metric ID: 0, number of metrics: 2, values: 130000 20000
METRIC                    4294967296       54821172837405  metric ID: 0, number of metrics: 2, values: 160000 10000
METRIC                   12884901888       54821190956217  metric ID: 0, number of metrics: 2, values: 140000 10000
METRIC                             0       54821190977763  metric ID: 0, number of metrics: 2, values: 200000 10000
METRIC                    4294967296       54821190977775  metric ID: 0, number of metrics: 2, values: 170000 10000
METRIC                    8589934592       54821190978141  metric ID: 0, number of metrics: 2, values: 140000 20000
METRIC                   12884901888       54821190983094  metric ID: 0, number of metrics: 2, values: 140000 10000
METRIC                   12884901888       54821190985638  metric ID: 0, number of metrics: 2, values: 140000 10000
METRIC                    4294967296       54821190986052  metric ID: 0, number of metrics: 2, values: 170000 10000
METRIC                             0       54821190986466  metric ID: 0, number of metrics: 2, values: 200000 10000
METRIC                    8589934592       54821190987459  metric ID: 0, number of metrics: 2, values: 140000 20000
METRIC                             0       54821190988356  metric ID: 0, number of metrics: 2, values: 200000 10000
METRIC                    4294967296       54821190988371  metric ID: 0, number of metrics: 2, values: 170000 10000
METRIC                   12884901888       54821190988371  metric ID: 0, number of metrics: 2, values: 140000 10000
METRIC                    8589934592       54821190989547  metric ID: 0, number of metrics: 2, values: 140000 20000
METRIC                   12884901888       54821190992142  metric ID: 0, number of metrics: 2, values: 140000 10000
METRIC                    4294967296       54821190992208  metric ID: 0, number of metrics: 2, values: 170000 10000
METRIC                             0       54821190992223  metric ID: 0, number of metrics: 2, values: 200000 10000
METRIC                    8589934592       54821190992757  metric ID: 0, number of metrics: 2, values: 140000 20000
METRIC                   12884901888       54821190994182  metric ID: 0, number of metrics: 2, values: 140000 10000
METRIC                             0       54821190994221  metric ID: 0, number of metrics: 2, values: 200000 10000
METRIC                    4294967296       54821190994230  metric ID: 0, number of metrics: 2, values: 170000 10000
METRIC                    8589934592       54821190994611  metric ID: 0, number of metrics: 2, values: 140000 20000
METRIC                    4294967296       54821191049445  metric ID: 0, number of metrics: 2, values: 170000 10000
METRIC                   12884901888       54821191049463  metric ID: 0, number of metrics: 2, values: 140000 10000
METRIC                    8589934592       54821191049472  metric ID: 0, number of metrics: 2, values: 140000 20000
METRIC                             0       54821191052337  metric ID: 0, number of metrics: 2, values: 200000 10000
METRIC                   12884901888       54821191054437  metric ID: 0, number of metrics: 2, values: 140000 10000
METRIC                    8589934592       54821191054452  metric ID: 0, number of metrics: 2, values: 140000 20000
METRIC                    4294967296       54821191054608  metric ID: 0, number of metrics: 2, values: 170000 10000
METRIC                             0       54821191054632  metric ID: 0, number of metrics: 2, values: 200000 10000
METRIC                             0       54821220397974  metric ID: 0, number of metrics: 2, values: 210000 10000
METRIC                    4294967296       54821220893991  metric ID: 0, number of metrics: 2, values: 180000 10000
METRIC                   12884901888       54821220938982  metric ID: 0, number of metrics: 2, values: 150000 10000
METRIC                    8589934592       54821221153047  metric ID: 0, number of metrics: 2, values: 150000 20000
METRIC                   12884901888       54821221162734  metric ID: 0, number of metrics: 2, values: 150000 10000
METRIC                    4294967296       54821221162803  metric ID: 0, number of metrics: 2, values: 180000 10000
METRIC                             0       54821221162812  metric ID: 0, number of metrics: 2, values: 210000 10000
METRIC                   12884901888       54821221165359  metric ID: 0, number of metrics: 2, values: 150000 10000
METRIC                             0       54821221165365  metric ID: 0, number of metrics: 2, values: 210000 10000
METRIC                    4294967296       54821221165371  metric ID: 0, number of metrics: 2, values: 180000 10000
METRIC                    8589934592       54821221165503  metric ID: 0, number of metrics: 2, values: 150000 20000
METRIC                    8589934592       54821221167507  metric ID: 0, number of metrics: 2, values: 150000 20000
METRIC                   12884901888       54821221168128  metric ID: 0, number of metrics: 2, values: 150000 10000
METRIC                             0       54821221168221  metric ID: 0, number of metrics: 2, values: 210000 10000
METRIC                    4294967296       54821221168236  metric ID: 0, number of metrics: 2, values: 180000 10000
METRIC                    8589934592       54821221169316  metric ID: 0, number of metrics: 2, values: 150000 20000
METRIC                             0       54821347214040  metric ID: 0, number of metrics: 2, values: 260000 10000
METRIC                    4294967296       54821347869447  metric ID: 0, number of metrics: 2, values: 230000 10000
METRIC                    8589934592       54821349912867  metric ID: 0, number of metrics: 2, values: 200000 20000
METRIC                   12884901888       54821366764446  metric ID: 0, number of metrics: 2, values: 200000 10000
METRIC                             0       54821366785680  metric ID: 0, number of metrics: 2, values: 260000 10000
METRIC                    8589934592       54821366787987  metric ID: 0, number of metrics: 2, values: 210000 20000
METRIC                    4294967296       54821366788248  metric ID: 0, number of metrics: 2, values: 230000 10000
METRIC                   12884901888       54821366790849  metric ID: 0, number of metrics: 2, values: 200000 10000
METRIC                   12884901888       54821366793666  metric ID: 0, number of metrics: 2, values: 200000 10000
METRIC                             0       54821366795334  metric ID: 0, number of metrics: 2, values: 260000 10000
METRIC                    4294967296       54821366795385  metric ID: 0, number of metrics: 2, values: 230000 10000
METRIC                    8589934592       54821366795625  metric ID: 0, number of metrics: 2, values: 210000 20000
METRIC                   12884901888       54821366796198  metric ID: 0, number of metrics: 2, values: 200000 10000
METRIC                    4294967296       54821366797455  metric ID: 0, number of metrics: 2, values: 230000 10000
METRIC                             0       54821366797536  metric ID: 0, number of metrics: 2, values: 260000 10000
METRIC                    8589934592       54821366797917  metric ID: 0, number of metrics: 2, values: 210000 20000
METRIC                   12884901888       54821366800452  metric ID: 0, number of metrics: 2, values: 200000 10000
METRIC                    4294967296       54821366800518  metric ID: 0, number of metrics: 2, values: 230000 10000
METRIC                             0       54821366800539  metric ID: 0, number of metrics: 2, values: 260000 10000
METRIC                    8589934592       54821366801124  metric ID: 0, number of metrics: 2, values: 210000 20000
METRIC                   12884901888       54821366802600  metric ID: 0, number of metrics: 2, values: 200000 10000
METRIC                    4294967296       54821366802642  metric ID: 0, number of metrics: 2, values: 230000 10000
METRIC                             0       54821366802651  metric ID: 0, number of metrics: 2, values: 260000 10000
METRIC                    8589934592       54821366802915  metric ID: 0, number of metrics: 2, values: 210000 20000
METRIC                    4294967296       54821366856996  metric ID: 0, number of metrics: 2, values: 230000 10000
METRIC                    8589934592       54821366857077  metric ID: 0, number of metrics: 2, values: 210000 20000
METRIC                   12884901888       54821366857086  metric ID: 0, number of metrics: 2, values: 200000 10000
METRIC                             0       54821366857440  metric ID: 0, number of metrics: 2, values: 260000 10000
METRIC                             0       54821366859963  metric ID: 0, number of metrics: 2, values: 260000 10000
METRIC                   12884901888       54821366859975  metric ID: 0, number of metrics: 2, values: 200000 10000
METRIC                    8589934592       54821366859984  metric ID: 0, number of metrics: 2, values: 210000 20000
METRIC                    4294967296       54821366859987  metric ID: 0, number of metrics: 2, values: 230000 10000
METRIC                             0       54821396311974  metric ID: 0, number of metrics: 2, values: 280000 10000
METRIC                    4294967296       54821396458458  metric ID: 0, number of metrics: 2, values: 250000 10000
METRIC                    8589934592       54821397001035  metric ID: 0, number of metrics: 2, values: 220000 20000
METRIC                   12884901888       54821406195360  metric ID: 0, number of metrics: 2, values: 220000 10000
METRIC                             0       54821406208737  metric ID: 0, number of metrics: 2, values: 280000 10000
METRIC                    4294967296       54821406208761  metric ID: 0, number of metrics: 2, values: 250000 10000
METRIC                    8589934592       54821406208860  metric ID: 0, number of metrics: 2, values: 220000 20000
METRIC                   12884901888       54821406212712  metric ID: 0, number of metrics: 2, values: 220000 10000
METRIC                             0       54821406212862  metric ID: 0, number of metrics: 2, values: 280000 10000
METRIC                    4294967296       54821406213060  metric ID: 0, number of metrics: 2, values: 250000 10000
METRIC                    8589934592       54821406214296  metric ID: 0, number of metrics: 2, values: 220000 20000
METRIC                   12884901888       54821406215403  metric ID: 0, number of metrics: 2, values: 220000 10000
METRIC                             0       54821406215550  metric ID: 0, number of metrics: 2, values: 280000 10000
METRIC                    4294967296       54821406215565  metric ID: 0, number of metrics: 2, values: 250000 10000
METRIC                    8589934592       54821406216678  metric ID: 0, number of metrics: 2, values: 220000 20000
METRIC                   12884901888       54821406217515  metric ID: 0, number of metrics: 2, values: 220000 10000
METRIC                             0       54821531909454  metric ID: 0, number of metrics: 2, values: 330000 10000
METRIC                    4294967296       54821534808921  metric ID: 0, number of metrics: 2, values: 300000 10000
METRIC                    8589934592       54821535513597  metric ID: 0, number of metrics: 2, values: 270000 20000
METRIC                   12884901888       54821543609265  metric ID: 0, number of metrics: 2, values: 260000 10000
METRIC                    8589934592       54821543625987  metric ID: 0, number of metrics: 2, values: 270000 20000
METRIC                    4294967296       54821543626302  metric ID: 0, number of metrics: 2, values: 300000 10000
METRIC                             0       54821543627166  metric ID: 0, number of metrics: 2, values: 330000 10000
METRIC                   12884901888       54821543630631  metric ID: 0, number of metrics: 2, values: 260000 10000
METRIC                    8589934592       54821543630922  metric ID: 0, number of metrics: 2, values: 270000 20000
METRIC                   12884901888       54821543632920  metric ID: 0, number of metrics: 2, values: 260000 10000
METRIC                    8589934592       54821543633271  metric ID: 0, number of metrics: 2, values: 270000 20000
METRIC                    4294967296       54821543634267  metric ID: 0, number of metrics: 2, values: 300000 10000
METRIC                   12884901888       54821543635032  metric ID: 0, number of metrics: 2, values: 260000 10000
METRIC                             0       54821543635317  metric ID: 0, number of metrics: 2, values: 330000 10000
METRIC                    4294967296       54821543636463  metric ID: 0, number of metrics: 2, values: 300000 10000
METRIC                             0       54821543637438  metric ID: 0, number of metrics: 2, values: 330000 10000
METRIC                    8589934592       54821543640093  metric ID: 0, number of metrics: 2, values: 270000 20000
METRIC                   12884901888       54821543640108  metric ID: 0, number of metrics: 2, values: 260000 10000
METRIC                    4294967296       54821543640114  metric ID: 0, number of metrics: 2, values: 300000 10000
METRIC                             0       54821543641083  metric ID: 0, number of metrics: 2, values: 330000 10000
METRIC                   12884901888       54821543642148  metric ID: 0, number of metrics: 2, values: 260000 10000
METRIC                    4294967296       54821543642154  metric ID: 0, number of metrics: 2, values: 300000 10000
METRIC                    8589934592       54821543642169  metric ID: 0, number of metrics: 2, values: 270000 20000
METRIC                             0       54821543642964  metric ID: 0, number of metrics: 2, values: 330000 10000
METRIC                    4294967296       54821543697267  metric ID: 0, number of metrics: 2, values: 300000 10000
METRIC                    8589934592       54821543697303  metric ID: 0, number of metrics: 2, values: 270000 20000
METRIC                   12884901888       54821543697309  metric ID: 0, number of metrics: 2, values: 260000 10000
METRIC                             0       54821543697732  metric ID: 0, number of metrics: 2, values: 330000 10000
METRIC                   12884901888       54821543700267  metric ID: 0, number of metrics: 2, values: 260000 10000
METRIC                    8589934592       54821543700282  metric ID: 0, number of metrics: 2, values: 270000 20000
METRIC                             0       54821543700381  metric ID: 0, number of metrics: 2, values: 330000 10000
METRIC                    4294967296       54821543700390  metric ID: 0, number of metrics: 2, values: 300000 10000
METRIC                             0       54821573148696  metric ID: 0, number of metrics: 2, values: 340000 10000
METRIC                    4294967296       54821573446707  metric ID: 0, number of metrics: 2, values: 310000 10000
METRIC                   12884901888       54821573453793  metric ID: 0, number of metrics: 2, values: 270000 10000
METRIC                    8589934592       54821573904981  metric ID: 0, number of metrics: 2, values: 280000 20000
METRIC                   12884901888       54821573913669  metric ID: 0, number of metrics: 2, values: 270000 10000
METRIC                    4294967296       54821573913708  metric ID: 0, number of metrics: 2, values: 310000 10000
METRIC                             0       54821573913765  metric ID: 0, number of metrics: 2, values: 340000 10000
METRIC                   12884901888       54821573916573  metric ID: 0, number of metrics: 2, values: 270000 10000
METRIC                             0       54821573916630  metric ID: 0, number of metrics: 2, values: 340000 10000
METRIC                    4294967296       54821573916651  metric ID: 0, number of metrics: 2, values: 310000 10000
METRIC                    8589934592       54821573916693  metric ID: 0, number of metrics: 2, values: 280000 20000
METRIC                    8589934592       54821573918787  metric ID: 0, number of metrics: 2, values: 280000 20000
METRIC                   12884901888       54821573919345  metric ID: 0, number of metrics: 2, values: 270000 10000
METRIC                             0       54821573919387  metric ID: 0, number of metrics: 2, values: 340000 10000
METRIC                    4294967296       54821573919396  metric ID: 0, number of metrics: 2, values: 310000 10000
METRIC                    8589934592       54821573920596  metric ID: 0, number of metrics: 2, values: 280000 20000
METRIC                             0       54821699368677  metric ID: 0, number of metrics: 2, values: 390000 10000
METRIC                    8589934592       54821702777442  metric ID: 0, number of metrics: 2, values: 330000 20000
METRIC                    4294967296       54821702968224  metric ID: 0, number of metrics: 2, values: 350000 10000
METRIC                   12884901888       54821720112756  metric ID: 0, number of metrics: 2, values: 320000 10000
METRIC                             0       54821720132529  metric ID: 0, number of metrics: 2, values: 400000 10000
METRIC                    8589934592       54821720132673  metric ID: 0, number of metrics: 2, values: 340000 20000
METRIC                    4294967296       54821720133099  metric ID: 0, number of metrics: 2, values: 360000 10000
METRIC                   12884901888       54821720135388  metric ID: 0, number of metrics: 2, values: 320000 10000
METRIC                   12884901888       54821720137953  metric ID: 0, number of metrics: 2, values: 320000 10000
METRIC                    8589934592       54821720138409  metric ID: 0, number of metrics: 2, values: 340000 20000
METRIC                             0       54821720139126  metric ID: 0, number of metrics: 2, values: 400000 10000
METRIC                    4294967296       54821720139141  metric ID: 0, number of metrics: 2, values: 360000 10000
METRIC                   12884901888       54821720140257  metric ID: 0, number of metrics: 2, values: 320000 10000
METRIC                    8589934592       54821720140440  metric ID: 0, number of metrics: 2, values: 340000 20000
METRIC                    4294967296       54821720141379  metric ID: 0, number of metrics: 2, values: 360000 10000
METRIC                             0       54821720141391  metric ID: 0, number of metrics: 2, values: 400000 10000
METRIC                    4294967296       54821720144061  metric ID: 0, number of metrics: 2, values: 360000 10000
METRIC                    8589934592       54821720144103  metric ID: 0, number of metrics: 2, values: 340000 20000
METRIC                   12884901888       54821720144112  metric ID: 0, number of metrics: 2, values: 320000 10000
METRIC                             0       54821720145204  metric ID: 0, number of metrics: 2, values: 400000 10000
METRIC                    4294967296       54821720146119  metric ID: 0, number of metrics: 2, values: 360000 10000
METRIC                    8589934592       54821720146140  metric ID: 0, number of metrics: 2, values: 340000 20000
METRIC                   12884901888       54821720146161  metric ID: 0, number of metrics: 2, values: 320000 10000
METRIC                             0       54821720147076  metric ID: 0, number of metrics: 2, values: 400000 10000
METRIC                             0       54821725611162  metric ID: 0, number of metrics: 2, values: 400000 10000
METRIC                             0       54821725617966  metric ID: 0, number of metrics: 2, values: 400000 10000
METRIC                             0       54821725623018  metric ID: 0, number of metrics: 2, values: 400000 10000
METRIC                             0       54821725640484  metric ID: 0, number of metrics: 2, values: 400000 10000
METRIC                             0       54821932294323  metric ID: 0, number of metrics: 2, values: 470000 10000
METRIC                             0       54821932331757  metric ID: 0, number of metrics: 2, values: 470000 10000
METRIC                             0       54821932405884  metric ID: 0, number of metrics: 2, values: 470000 10000
METRIC                             0       54821932413171  metric ID: 0, number of metrics: 2, values: 470000 10000
METRIC                             0       54821943760539  metric ID: 0, number of metrics: 2, values: 470000 20000
METRIC                             0       54821943769446  metric ID: 0, number of metrics: 2, values: 470000 20000
