METRIC                               0  1346187795682532608  Metric: 1, 1 Values: (UINT64; 0)
METRIC                               0  1346187795682544640  Metric: 1, 1 Values: (UINT64; 0)
METRIC                               0  1346187795682582784  Metric: 1, 1 Values: (UINT64; 0)
METRIC                               0  1346187795682585856  Metric: 1, 1 Values: (UINT64; 0)
METRIC                               0  1346187795682637056  Metric: 1, 1 Values: (UINT64; 0)
METRIC                               0  1346187795682642176  Metric: 1, 1 Values: (UINT64; 0)
METRIC                               0  1346187795713681152  Metric: 1, 1 Values: (UINT64; 0)
METRIC                               0  1346187795713773568  Metric: 1, 1 Values: (UINT64; 0)
METRIC                               0  1346187795713776384  Metric: 1, 1 Values: (UINT64; 0)
METRIC                               0  1346187795713777664  Metric: 1, 1 Values: (UINT64; 0)
METRIC                               0  1346187795713786880  Metric: 1, 1 Values: (UINT64; 0)
METRIC                               0  1346187795713794048  Metric: 1, 1 Values: (UINT64; 0)
METRIC                               0  1346187795713797888  Metric: 1, 1 Values: (UINT64; 0)
METRIC                               0  1346187795713802752  Metric: 1, 1 Values: (UINT64; 0)
METRIC                               0  1346187795713816832  Metric: 1, 1 Values: (UINT64; 0)
METRIC                               0  1346187795713818624  Metric: 1, 1 Values: (UINT64; 0)
METRIC                               0  1346187795726108160  Metric: 1, 1 Values: (UINT64; 0)
METRIC                               0  1346187795726130944  Metric: 1, 1 Values: (UINT64; 0)
METRIC                               0  1346187795726132992  Metric: 1, 1 Values: (UINT64; 0)
METRIC                               0  1346187795726134272  Metric: 1, 1 Values: (UINT64; 0)
METRIC                               0  1346187795754975488  Metric: 1, 1 Values: (UINT64; 0)
METRIC                               0  1346187795754990336  Metric: 1, 1 Values: (UINT64; 0)
METRIC                               0  1346187795754991872  Metric: 1, 1 Values: (UINT64; 0)
METRIC                               0  1346187795754992896  Metric: 1, 1 Values: (UINT64; 0)
METRIC                               0  1346187795754994432  Metric: 1, 1 Values: (UINT64; 0)
METRIC                               0  1346187795754995456  Metric: 1, 1 Values: (UINT64; 0)
METRIC                               0  1346187795755001856  Metric: 1, 1 Values: (UINT64; 0)
METRIC                               0  1346187795755003136  Metric: 1, 1 Values: (UINT64; 0)
METRIC                               0  1346187795761193984  Metric: 1, 1 Values: (UINT64; 0)
METRIC                               0  1346187795761203968  Metric: 1, 1 Values: (UINT64; 0)
METRIC                               0  1346187795761204992  Metric: 1, 1 Values: (UINT64; 0)
METRIC                               0  1346187795761206016  Metric: 1, 1 Values: (UINT64; 0)
METRIC                               0  1346187795789890816  Metric: 1, 1 Values: (UINT64; 0)
METRIC                               0  1346187795789902848  Metric: 1, 1 Values: (UINT64; 0)
METRIC                               0  1346187795789904384  Metric: 1, 1 Values: (UINT64; 0)
METRIC                               0  1346187795789905408  Metric: 1, 1 Values: (UINT64; 0)
METRIC                               0  1346187795789906688  Metric: 1, 1 Values: (UINT64; 0)
METRIC                               0  1346187795789907712  Metric: 1, 1 Values: (UINT64; 0)
METRIC                               0  1346187795789915648  Metric: 1, 1 Values: (UINT64; 0)
METRIC                               0  1346187795789917184  Metric: 1, 1 Values: (UINT64; 0)
METRIC                               0  1346187795796093952  Metric: 1, 1 Values: (UINT64; 0)
METRIC                               0  1346187795796182528  Metric: 1, 1 Values: (UINT64; 0)
METRIC                               0  1346187795796184576  Metric: 1, 1 Values: (UINT64; 0)
METRIC                               0  1346187795796186112  Metric: 1, 1 Values: (UINT64; 0)
METRIC                               0  1346187795824686848  Metric: 1, 1 Values: (UINT64; 0)
METRIC                               0  1346187795824701440  Metric: 1, 1 Values: (UINT64; 0)
METRIC                               0  1346187795824702976  Metric: 1, 1 Values: (UINT64; 0)
METRIC                               0  1346187795824704256  Metric: 1, 1 Values: (UINT64; 0)
METRIC                               0  1346187795824705536  Metric: 1, 1 Values: (UINT64; 0)
METRIC                               0  1346187795824706560  Metric: 1, 1 Values: (UINT64; 0)
METRIC                               0  1346187795824712704  Metric: 1, 1 Values: (UINT64; 0)
METRIC                               0  1346187795824713984  Metric: 1, 1 Values: (UINT64; 0)
METRIC                               0  1346187795830995200  Metric: 1, 1 Values: (UINT64; 0)
METRIC                               0  1346187795831005184  Metric: 1, 1 Values: (UINT64; 0)
METRIC                               0  1346187795831006208  Metric: 1, 1 Values: (UINT64; 0)
METRIC                               0  1346187795831007232  Metric: 1, 1 Values: (UINT64; 0)
METRIC                               0  1346187795859506688  Metric: 1, 1 Values: (UINT64; 0)
METRIC                               0  1346187795859564288  Metric: 1, 1 Values: (UINT64; 0)
METRIC                               0  1346187795859566080  Metric: 1, 1 Values: (UINT64; 0)
METRIC                               0  1346187795859567360  Metric: 1, 1 Values: (UINT64; 0)
METRIC                               0  1346187795859568640  Metric: 1, 1 Values: (UINT64; 0)
METRIC                               0  1346187795859569664  Metric: 1, 1 Values: (UINT64; 0)
METRIC                               0  1346187795859576320  Metric: 1, 1 Values: (UINT64; 0)
METRIC                               0  1346187795859577856  Metric: 1, 1 Values: (UINT64; 0)
METRIC                               0  1346187795865805568  Metric: 1, 1 Values: (UINT64; 0)
METRIC                               0  1346187795865818624  Metric: 1, 1 Values: (UINT64; 0)
METRIC                               0  1346187795865819904  Metric: 1, 1 Values: (UINT64; 0)
METRIC                               0  1346187795865820928  Metric: 1, 1 Values: (UINT64; 0)
METRIC                               0  1346187795894456320  Metric: 1, 1 Values: (UINT64; 0)
METRIC                               0  1346187795894468096  Metric: 1, 1 Values: (UINT64; 0)
METRIC                               0  1346187795894469376  Metric: 1, 1 Values: (UINT64; 0)
METRIC                               0  1346187795894470656  Metric: 1, 1 Values: (UINT64; 0)
METRIC                               0  1346187795894471936  Metric: 1, 1 Values: (UINT64; 0)
METRIC                               0  1346187795894472960  Metric: 1, 1 Values: (UINT64; 0)
METRIC                               0  1346187795897790720  Metric: 1, 1 Values: (UINT64; 0)
METRIC                               0  1346187795897798144  Metric: 1, 1 Values: (UINT64; 0)
METRIC                               0  1346187795897800448  Metric: 1, 1 Values: (UINT64; 0)
METRIC                               0  1346187795897806080  Metric: 1, 1 Values: (UINT64; 0)
METRIC                               0  1346187795937501696  Metric: 1, 1 Values: (UINT64; 0)
METRIC                               0  1346187795937518080  Metric: 1, 1 Values: (UINT64; 0)
METRIC                               0  1346187795937551104  Metric: 1, 1 Values: (UINT64; 0)
METRIC                               0  1346187795937554432  Metric: 1, 1 Values: (UINT64; 0)
METRIC                               0  1346187795943936000  Metric: 1, 1 Values: (UINT64; 0)
METRIC                               0  1346187795943948032  Metric: 1, 1 Values: (UINT64; 0)
